Archive member included to satisfy reference by file (symbol)

C:/ST/STM32CubeIDE_1.17.0/STM32CubeIDE/plugins/com.st.stm32cube.ide.mcu.externaltools.gnu-tools-for-stm32.12.3.rel1.win32_1.1.0.202410251130/tools/bin/../lib/gcc/arm-none-eabi/12.3.1/../../../../arm-none-eabi/lib/thumb/v7-m/nofp\libc_nano.a(libc_a-exit.o)
                              C:/ST/STM32CubeIDE_1.17.0/STM32CubeIDE/plugins/com.st.stm32cube.ide.mcu.externaltools.gnu-tools-for-stm32.12.3.rel1.win32_1.1.0.202410251130/tools/bin/../lib/gcc/arm-none-eabi/12.3.1/../../../../arm-none-eabi/lib/thumb/v7-m/nofp/crt0.o (exit)
C:/ST/STM32CubeIDE_1.17.0/STM32CubeIDE/plugins/com.st.stm32cube.ide.mcu.externaltools.gnu-tools-for-stm32.12.3.rel1.win32_1.1.0.202410251130/tools/bin/../lib/gcc/arm-none-eabi/12.3.1/../../../../arm-none-eabi/lib/thumb/v7-m/nofp\libc_nano.a(libc_a-findfp.o)
                              C:/ST/STM32CubeIDE_1.17.0/STM32CubeIDE/plugins/com.st.stm32cube.ide.mcu.externaltools.gnu-tools-for-stm32.12.3.rel1.win32_1.1.0.202410251130/tools/bin/../lib/gcc/arm-none-eabi/12.3.1/../../../../arm-none-eabi/lib/thumb/v7-m/nofp\libc_nano.a(libc_a-exit.o) (__stdio_exit_handler)
C:/ST/STM32CubeIDE_1.17.0/STM32CubeIDE/plugins/com.st.stm32cube.ide.mcu.externaltools.gnu-tools-for-stm32.12.3.rel1.win32_1.1.0.202410251130/tools/bin/../lib/gcc/arm-none-eabi/12.3.1/../../../../arm-none-eabi/lib/thumb/v7-m/nofp\libc_nano.a(libc_a-fwalk.o)
                              C:/ST/STM32CubeIDE_1.17.0/STM32CubeIDE/plugins/com.st.stm32cube.ide.mcu.externaltools.gnu-tools-for-stm32.12.3.rel1.win32_1.1.0.202410251130/tools/bin/../lib/gcc/arm-none-eabi/12.3.1/../../../../arm-none-eabi/lib/thumb/v7-m/nofp\libc_nano.a(libc_a-findfp.o) (_fwalk_sglue)
C:/ST/STM32CubeIDE_1.17.0/STM32CubeIDE/plugins/com.st.stm32cube.ide.mcu.externaltools.gnu-tools-for-stm32.12.3.rel1.win32_1.1.0.202410251130/tools/bin/../lib/gcc/arm-none-eabi/12.3.1/../../../../arm-none-eabi/lib/thumb/v7-m/nofp\libc_nano.a(libc_a-sprintf.o)
                              ./Core/Src/IR_Receiver.o (sprintf)
C:/ST/STM32CubeIDE_1.17.0/STM32CubeIDE/plugins/com.st.stm32cube.ide.mcu.externaltools.gnu-tools-for-stm32.12.3.rel1.win32_1.1.0.202410251130/tools/bin/../lib/gcc/arm-none-eabi/12.3.1/../../../../arm-none-eabi/lib/thumb/v7-m/nofp\libc_nano.a(libc_a-stdio.o)
                              C:/ST/STM32CubeIDE_1.17.0/STM32CubeIDE/plugins/com.st.stm32cube.ide.mcu.externaltools.gnu-tools-for-stm32.12.3.rel1.win32_1.1.0.202410251130/tools/bin/../lib/gcc/arm-none-eabi/12.3.1/../../../../arm-none-eabi/lib/thumb/v7-m/nofp\libc_nano.a(libc_a-findfp.o) (__sread)
C:/ST/STM32CubeIDE_1.17.0/STM32CubeIDE/plugins/com.st.stm32cube.ide.mcu.externaltools.gnu-tools-for-stm32.12.3.rel1.win32_1.1.0.202410251130/tools/bin/../lib/gcc/arm-none-eabi/12.3.1/../../../../arm-none-eabi/lib/thumb/v7-m/nofp\libc_nano.a(libc_a-memset.o)
                              C:/ST/STM32CubeIDE_1.17.0/STM32CubeIDE/plugins/com.st.stm32cube.ide.mcu.externaltools.gnu-tools-for-stm32.12.3.rel1.win32_1.1.0.202410251130/tools/bin/../lib/gcc/arm-none-eabi/12.3.1/../../../../arm-none-eabi/lib/thumb/v7-m/nofp/crt0.o (memset)
C:/ST/STM32CubeIDE_1.17.0/STM32CubeIDE/plugins/com.st.stm32cube.ide.mcu.externaltools.gnu-tools-for-stm32.12.3.rel1.win32_1.1.0.202410251130/tools/bin/../lib/gcc/arm-none-eabi/12.3.1/../../../../arm-none-eabi/lib/thumb/v7-m/nofp\libc_nano.a(libc_a-closer.o)
                              C:/ST/STM32CubeIDE_1.17.0/STM32CubeIDE/plugins/com.st.stm32cube.ide.mcu.externaltools.gnu-tools-for-stm32.12.3.rel1.win32_1.1.0.202410251130/tools/bin/../lib/gcc/arm-none-eabi/12.3.1/../../../../arm-none-eabi/lib/thumb/v7-m/nofp\libc_nano.a(libc_a-stdio.o) (_close_r)
C:/ST/STM32CubeIDE_1.17.0/STM32CubeIDE/plugins/com.st.stm32cube.ide.mcu.externaltools.gnu-tools-for-stm32.12.3.rel1.win32_1.1.0.202410251130/tools/bin/../lib/gcc/arm-none-eabi/12.3.1/../../../../arm-none-eabi/lib/thumb/v7-m/nofp\libc_nano.a(libc_a-reent.o)
                              C:/ST/STM32CubeIDE_1.17.0/STM32CubeIDE/plugins/com.st.stm32cube.ide.mcu.externaltools.gnu-tools-for-stm32.12.3.rel1.win32_1.1.0.202410251130/tools/bin/../lib/gcc/arm-none-eabi/12.3.1/../../../../arm-none-eabi/lib/thumb/v7-m/nofp\libc_nano.a(libc_a-closer.o) (errno)
C:/ST/STM32CubeIDE_1.17.0/STM32CubeIDE/plugins/com.st.stm32cube.ide.mcu.externaltools.gnu-tools-for-stm32.12.3.rel1.win32_1.1.0.202410251130/tools/bin/../lib/gcc/arm-none-eabi/12.3.1/../../../../arm-none-eabi/lib/thumb/v7-m/nofp\libc_nano.a(libc_a-impure.o)
                              C:/ST/STM32CubeIDE_1.17.0/STM32CubeIDE/plugins/com.st.stm32cube.ide.mcu.externaltools.gnu-tools-for-stm32.12.3.rel1.win32_1.1.0.202410251130/tools/bin/../lib/gcc/arm-none-eabi/12.3.1/../../../../arm-none-eabi/lib/thumb/v7-m/nofp\libc_nano.a(libc_a-sprintf.o) (_impure_ptr)
[...]
Memory Configuration

Name             Origin             Length             Attributes
RAM              0x20000000         0x00002800         xrw
FLASH            0x08000000         0x00008000         xr
*default*        0x00000000         0xffffffff

Linker script and memory map

LOAD C:/ST/STM32CubeIDE_1.17.0/STM32CubeIDE/plugins/com.st.stm32cube.ide.mcu.externaltools.gnu-tools-for-stm32.12.3.rel1.win32_1.1.0.202410251130/tools/bin/../lib/gcc/arm-none-eabi/12.3.1/thumb/v7-m/nofp/crti.o
LOAD C:/ST/STM32CubeIDE_1.17.0/STM32CubeIDE/plugins/com.st.stm32cube.ide.mcu.externaltools.gnu-tools-for-stm32.12.3.rel1.win32_1.1.0.202410251130/tools/bin/../lib/gcc/arm-none-eabi/12.3.1/thumb/v7-m/nofp/crtbegin.o
LOAD C:/ST/STM32CubeIDE_1.17.0/STM32CubeIDE/plugins/com.st.stm32cube.ide.mcu.externaltools.gnu-tools-for-stm32.12.3.rel1.win32_1.1.0.202410251130/tools/bin/../lib/gcc/arm-none-eabi/12.3.1/../../../../arm-none-eabi/lib/thumb/v7-m/nofp/crt0.o
LOAD ./Core/Src/IR_Receiver.o
LOAD ./Core/Src/main.o
LOAD ./Core/Src/motor.o
LOAD ./Core/Src/stm32f1xx_hal_msp.o
LOAD ./Core/Src/stm32f1xx_it.o
LOAD ./Core/Src/syscalls.o
LOAD ./Core/Src/sysmem.o
LOAD ./Core/Src/system_stm32f1xx.o
LOAD ./Core/Startup/startup_stm32f103c6tx.o
LOAD ./Drivers/STM32F1xx_HAL_Driver/Src/stm32f1xx_hal.o
LOAD ./Drivers/STM32F1xx_HAL_Driver/Src/stm32f1xx_hal_cortex.o
LOAD ./Drivers/STM32F1xx_HAL_Driver/Src/stm32f1xx_hal_dma.o
LOAD ./Drivers/STM32F1xx_HAL_Driver/Src/stm32f1xx_hal_exti.o
LOAD ./Drivers/STM32F1xx_HAL_Driver/Src/stm32f1xx_hal_flash.o
LOAD ./Drivers/STM32F1xx_HAL_Driver/Src/stm32f1xx_hal_flash_ex.o
LOAD ./Drivers/STM32F1xx_HAL_Driver/Src/stm32f1xx_hal_gpio.o
LOAD ./Drivers/STM32F1xx_HAL_Driver/Src/stm32f1xx_hal_gpio_ex.o
LOAD ./Drivers/STM32F1xx_HAL_Driver/Src/stm32f1xx_hal_pcd.o
LOAD ./Drivers/STM32F1xx_HAL_Driver/Src/stm32f1xx_hal_pcd_ex.o
LOAD ./Drivers/STM32F1xx_HAL_Driver/Src/stm32f1xx_hal_pwr.o
LOAD ./Drivers/STM32F1xx_HAL_Driver/Src/stm32f1xx_hal_rcc.o
LOAD ./Drivers/STM32F1xx_HAL_Driver/Src/stm32f1xx_hal_rcc_ex.o
LOAD ./Drivers/STM32F1xx_HAL_Driver/Src/stm32f1xx_hal_tim.o
LOAD ./Drivers/STM32F1xx_HAL_Driver/Src/stm32f1xx_hal_tim_ex.o
LOAD ./Drivers/STM32F1xx_HAL_Driver/Src/stm32f1xx_ll_usb.o
LOAD ./Middlewares/ST/STM32_USB_Device_Library/Class/CDC/Src/usbd_cdc.o
LOAD ./Middlewares/ST/STM32_USB_Device_Library/Core/Src/usbd_core.o
LOAD ./Middlewares/ST/STM32_USB_Device_Library/Core/Src/usbd_ctlreq.o
LOAD ./Middlewares/ST/STM32_USB_Device_Library/Core/Src/usbd_ioreq.o
LOAD ./USB_DEVICE/App/usb_device.o
LOAD ./USB_DEVICE/App/usbd_cdc_if.o
LOAD ./USB_DEVICE/App/usbd_desc.o
LOAD ./USB_DEVICE/Target/usbd_conf.o
START GROUP
LOAD C:/ST/STM32CubeIDE_1.17.0/STM32CubeIDE/plugins/com.st.stm32cube.ide.mcu.externaltools.gnu-tools-for-stm32.12.3.rel1.win32_1.1.0.202410251130/tools/bin/../lib/gcc/arm-none-eabi/12.3.1/../../../../arm-none-eabi/lib/thumb/v7-m/nofp\libc_nano.a
LOAD C:/ST/STM32CubeIDE_1.17.0/STM32CubeIDE/plugins/com.st.stm32cube.ide.mcu.externaltools.gnu-tools-for-stm32.12.3.rel1.win32_1.1.0.202410251130/tools/bin/../lib/gcc/arm-none-eabi/12.3.1/../../../../arm-none-eabi/lib/thumb/v7-m/nofp\libm.a
END GROUP
START GROUP
LOAD C:/ST/STM32CubeIDE_1.17.0/STM32CubeIDE/plugins/com.st.stm32cube.ide.mcu.externaltools.gnu-tools-for-stm32.12.3.rel1.win32_1.1.0.202410251130/tools/bin/../lib/gcc/arm-none-eabi/12.3.1/thumb/v7-m/nofp\libgcc.a
LOAD C:/ST/STM32CubeIDE_1.17.0/STM32CubeIDE/plugins/com.st.stm32cube.ide.mcu.externaltools.gnu-tools-for-stm32.12.3.rel1.win32_1.1.0.202410251130/tools/bin/../lib/gcc/arm-none-eabi/12.3.1/../../../../arm-none-eabi/lib/thumb/v7-m/nofp\libc_nano.a
END GROUP
START GROUP
LOAD C:/ST/STM32CubeIDE_1.17.0/STM32CubeIDE/plugins/com.st.stm32cube.ide.mcu.externaltools.gnu-tools-for-stm32.12.3.rel1.win32_1.1.0.202410251130/tools/bin/../lib/gcc/arm-none-eabi/12.3.1/thumb/v7-m/nofp\libgcc.a
LOAD C:/ST/STM32CubeIDE_1.17.0/STM32CubeIDE/plugins/com.st.stm32cube.ide.mcu.externaltools.gnu-tools-for-stm32.12.3.rel1.win32_1.1.0.202410251130/tools/bin/../lib/gcc/arm-none-eabi/12.3.1/../../../../arm-none-eabi/lib/thumb/v7-m/nofp\libc_nano.a
LOAD C:/ST/STM32CubeIDE_1.17.0/STM32CubeIDE/plugins/com.st.stm32cube.ide.mcu.externaltools.gnu-tools-for-stm32.12.3.rel1.win32_1.1.0.202410251130/tools/bin/../lib/gcc/arm-none-eabi/12.3.1/../../../../arm-none-eabi/lib/thumb/v7-m/nofp\libnosys.a
END GROUP
START GROUP
LOAD C:/ST/STM32CubeIDE_1.17.0/STM32CubeIDE/plugins/com.st.stm32cube.ide.mcu.externaltools.gnu-tools-for-stm32.12.3.rel1.win32_1.1.0.202410251130/tools/bin/../lib/gcc/arm-none-eabi/12.3.1/thumb/v7-m/nofp\libgcc.a
LOAD C:/ST/STM32CubeIDE_1.17.0/STM32CubeIDE/plugins/com.st.stm32cube.ide.mcu.externaltools.gnu-tools-for-stm32.12.3.rel1.win32_1.1.0.202410251130/tools/bin/../lib/gcc/arm-none-eabi/12.3.1/../../../../arm-none-eabi/lib/thumb/v7-m/nofp\libc_nano.a
LOAD C:/ST/STM32CubeIDE_1.17.0/STM32CubeIDE/plugins/com.st.stm32cube.ide.mcu.externaltools.gnu-tools-for-stm32.12.3.rel1.win32_1.1.0.202410251130/tools/bin/../lib/gcc/arm-none-eabi/12.3.1/../../../../arm-none-eabi/lib/thumb/v7-m/nofp\libnosys.a
END GROUP
LOAD C:/ST/STM32CubeIDE_1.17.0/STM32CubeIDE/plugins/com.st.stm32cube.ide.mcu.externaltools.gnu-tools-for-stm32.12.3.rel1.win32_1.1.0.202410251130/tools/bin/../lib/gcc/arm-none-eabi/12.3.1/thumb/v7-m/nofp/crtend.o
LOAD C:/ST/STM32CubeIDE_1.17.0/STM32CubeIDE/plugins/com.st.stm32cube.ide.mcu.externaltools.gnu-tools-for-stm32.12.3.rel1.win32_1.1.0.202410251130/tools/bin/../lib/gcc/arm-none-eabi/12.3.1/thumb/v7-m/nofp/crtn.o
                0x20002800                        _estack = (ORIGIN (RAM) + LENGTH (RAM))
                0x00000200                        _Min_Heap_Size = 0x200
                0x00000400                        _Min_Stack_Size = 0x400

.isr_vector     0x08000000      0x10c
                0x08000000                        . = ALIGN (0x4)
 *(.isr_vector)
 .isr_vector    0x08000000      0x10c ./Core/Startup/startup_stm32f103c6tx.o
                0x08000000                g_pfnVectors
                0x0800010c                        . = ALIGN (0x4)

.text           0x0800010c     0x41b8
                0x0800010c                        . = ALIGN (0x4)
 *(.text)
 .text          0x0800010c       0x40 C:/ST/STM32CubeIDE_1.17.0/STM32CubeIDE/plugins/com.st.stm32cube.ide.mcu.externaltools.gnu-tools-for-stm32.12.3.rel1.win32_1.1.0.202410251130/tools/bin/../lib/gcc/arm-none-eabi/12.3.1/thumb/v7-m/nofp/crtbegin.o
 .text          0x0800014c       0x10 C:/ST/STM32CubeIDE_1.17.0/STM32CubeIDE/plugins/com.st.stm32cube.ide.mcu.externaltools.gnu-tools-for-stm32.12.3.rel1.win32_1.1.0.202410251130/tools/bin/../lib/gcc/arm-none-eabi/12.3.1/../../../../arm-none-eabi/lib/thumb/v7-m/nofp\libc_nano.a(libc_a-strlen.o)
                0x0800014c                strlen
 *(.text*)
 .text.process_ir_signal
                0x0800015c      0x10c ./Core/Src/IR_Receiver.o
                0x0800015c                process_ir_signal
 .text.HAL_GPIO_EXTI_Callback
                0x08000268       0x50 ./Core/Src/main.o
                0x08000268                HAL_GPIO_EXTI_Callback
 .text.SystemClock_Config
                0x080002b8       0x7c ./Core/Src/main.o
                0x080002b8                SystemClock_Config
 .text.startup.main
                0x08000334      0x23c ./Core/Src/main.o
                0x08000334                main
 .text.Error_Handler
                0x08000570        0x4 ./Core/Src/main.o
                0x08000570                Error_Handler
 .text.move_forward
                0x08000574       0x30 ./Core/Src/motor.o
                0x08000574                move_forward
 .text.move_backward
                0x080005a4       0x30 ./Core/Src/motor.o
                0x080005a4                move_backward
 .text.rotate_right
                0x080005d4       0x30 ./Core/Src/motor.o
                0x080005d4                rotate_right
 .text.rotate_left
                0x08000604       0x30 ./Core/Src/motor.o
                0x08000604                rotate_left
 .text.stop_moving
                0x08000634       0x30 ./Core/Src/motor.o
                0x08000634                stop_moving
 .text.turn_right
                0x08000664       0x24 ./Core/Src/motor.o
                0x08000664                turn_right
 .text.turn_left
                0x08000688       0x24 ./Core/Src/motor.o
                0x08000688                turn_left
 .text.turn_40_degree_right
                0x080006ac       0x24 ./Core/Src/motor.o
                0x080006ac                turn_40_degree_right
 .text.turn_40_degree_left
                0x080006d0       0x24 ./Core/Src/motor.o
                0x080006d0                turn_40_degree_left
 .text.HAL_MspInit
                0x080006f4       0x44 ./Core/Src/stm32f1xx_hal_msp.o
                0x080006f4                HAL_MspInit
 .text.HAL_TIM_Base_MspInit
                0x08000738       0x24 ./Core/Src/stm32f1xx_hal_msp.o
                0x08000738                HAL_TIM_Base_MspInit
 .text.NMI_Handler
                0x0800075c        0x2 ./Core/Src/stm32f1xx_it.o
                0x0800075c                NMI_Handler
 .text.HardFault_Handler
                0x0800075e        0x2 ./Core/Src/stm32f1xx_it.o
                0x0800075e                HardFault_Handler
 .text.MemManage_Handler
                0x08000760        0x2 ./Core/Src/stm32f1xx_it.o
                0x08000760                MemManage_Handler
 .text.BusFault_Handler
                0x08000762        0x2 ./Core/Src/stm32f1xx_it.o
                0x08000762                BusFault_Handler
 .text.UsageFault_Handler
                0x08000764        0x2 ./Core/Src/stm32f1xx_it.o
                0x08000764                UsageFault_Handler
 .text.SVC_Handler
                0x08000766        0x2 ./Core/Src/stm32f1xx_it.o
                0x08000766                SVC_Handler
 .text.DebugMon_Handler
                0x08000768        0x2 ./Core/Src/stm32f1xx_it.o
                0x08000768                DebugMon_Handler
 .text.PendSV_Handler
                0x0800076a        0x2 ./Core/Src/stm32f1xx_it.o
                0x0800076a                PendSV_Handler
 .text.SysTick_Handler
                0x0800076c        0x4 ./Core/Src/stm32f1xx_it.o
                0x0800076c                SysTick_Handler
 .text.USB_LP_CAN1_RX0_IRQHandler
                0x08000770        0xc ./Core/Src/stm32f1xx_it.o
                0x08000770                USB_LP_CAN1_RX0_IRQHandler
 .text.EXTI9_5_IRQHandler
                0x0800077c       0x12 ./Core/Src/stm32f1xx_it.o
                0x0800077c                EXTI9_5_IRQHandler
 *fill*         0x0800078e        0x2 
 .text._sbrk    0x08000790       0x40 ./Core/Src/sysmem.o
                0x08000790                _sbrk
 .text.SystemInit
                0x080007d0        0x2 ./Core/Src/system_stm32f1xx.o
                0x080007d0                SystemInit
 *fill*         0x080007d2        0x2 
 .text.Reset_Handler
                0x080007d4       0x48 ./Core/Startup/startup_stm32f103c6tx.o
                0x080007d4                Reset_Handler
 .text.Default_Handler
                0x0800081c        0x2 ./Core/Startup/startup_stm32f103c6tx.o
                0x0800081c                RTC_Alarm_IRQHandler
                0x0800081c                EXTI2_IRQHandler
                0x0800081c                TIM1_CC_IRQHandler
                0x0800081c                PVD_IRQHandler
                0x0800081c                EXTI3_IRQHandler
                0x0800081c                EXTI0_IRQHandler
                0x0800081c                ADC1_2_IRQHandler
                0x0800081c                SPI1_IRQHandler
                0x0800081c                TAMPER_IRQHandler
                0x0800081c                DMA1_Channel4_IRQHandler
                0x0800081c                RTC_IRQHandler
                0x0800081c                DMA1_Channel7_IRQHandler
                0x0800081c                CAN1_RX1_IRQHandler
                0x0800081c                I2C1_EV_IRQHandler
                0x0800081c                DMA1_Channel6_IRQHandler
                0x0800081c                TIM3_IRQHandler
                0x0800081c                RCC_IRQHandler
                0x0800081c                TIM1_TRG_COM_IRQHandler
                0x0800081c                DMA1_Channel1_IRQHandler
                0x0800081c                Default_Handler
                0x0800081c                EXTI15_10_IRQHandler
                0x0800081c                DMA1_Channel5_IRQHandler
                0x0800081c                EXTI4_IRQHandler
                0x0800081c                USB_HP_CAN1_TX_IRQHandler
                0x0800081c                DMA1_Channel3_IRQHandler
                0x0800081c                TIM1_UP_IRQHandler
                0x0800081c                WWDG_IRQHandler
                0x0800081c                TIM2_IRQHandler
                0x0800081c                TIM1_BRK_IRQHandler
                0x0800081c                EXTI1_IRQHandler
                0x0800081c                USART2_IRQHandler
                0x0800081c                DMA1_Channel2_IRQHandler
                0x0800081c                CAN1_SCE_IRQHandler
                0x0800081c                FLASH_IRQHandler
                0x0800081c                USART1_IRQHandler
                0x0800081c                I2C1_ER_IRQHandler
                0x0800081c                USBWakeUp_IRQHandler
 *fill*         0x0800081e        0x2 
 .text.HAL_InitTick
                0x08000820       0x48 ./Drivers/STM32F1xx_HAL_Driver/Src/stm32f1xx_hal.o
                0x08000820                HAL_InitTick
 .text.HAL_Init
                0x08000868       0x24 ./Drivers/STM32F1xx_HAL_Driver/Src/stm32f1xx_hal.o
                0x08000868                HAL_Init
 .text.HAL_IncTick
                0x0800088c       0x18 ./Drivers/STM32F1xx_HAL_Driver/Src/stm32f1xx_hal.o
                0x0800088c                HAL_IncTick
 .text.HAL_GetTick
                0x080008a4        0xc ./Drivers/STM32F1xx_HAL_Driver/Src/stm32f1xx_hal.o
                0x080008a4                HAL_GetTick
 .text.HAL_Delay
                0x080008b0       0x24 ./Drivers/STM32F1xx_HAL_Driver/Src/stm32f1xx_hal.o
                0x080008b0                HAL_Delay
 .text.HAL_NVIC_SetPriorityGrouping
                0x080008d4       0x24 ./Drivers/STM32F1xx_HAL_Driver/Src/stm32f1xx_hal_cortex.o
                0x080008d4                HAL_NVIC_SetPriorityGrouping
 .text.HAL_NVIC_SetPriority
                0x080008f8       0x60 ./Drivers/STM32F1xx_HAL_Driver/Src/stm32f1xx_hal_cortex.o
                0x080008f8                HAL_NVIC_SetPriority
 .text.HAL_NVIC_EnableIRQ
                0x08000958       0x1c ./Drivers/STM32F1xx_HAL_Driver/Src/stm32f1xx_hal_cortex.o
                0x08000958                HAL_NVIC_EnableIRQ
 .text.HAL_NVIC_DisableIRQ
                0x08000974       0x24 ./Drivers/STM32F1xx_HAL_Driver/Src/stm32f1xx_hal_cortex.o
                0x08000974                HAL_NVIC_DisableIRQ
 .text.HAL_SYSTICK_Config
                0x08000998       0x28 ./Drivers/STM32F1xx_HAL_Driver/Src/stm32f1xx_hal_cortex.o
                0x08000998                HAL_SYSTICK_Config
 .text.HAL_GPIO_Init
                0x080009c0      0x1a4 ./Drivers/STM32F1xx_HAL_Driver/Src/stm32f1xx_hal_gpio.o
                0x080009c0                HAL_GPIO_Init
 .text.HAL_GPIO_WritePin
                0x08000b64        0xa ./Drivers/STM32F1xx_HAL_Driver/Src/stm32f1xx_hal_gpio.o
                0x08000b64                HAL_GPIO_WritePin
 *fill*         0x08000b6e        0x2 
 .text.HAL_GPIO_EXTI_IRQHandler
                0x08000b70       0x18 ./Drivers/STM32F1xx_HAL_Driver/Src/stm32f1xx_hal_gpio.o
                0x08000b70                HAL_GPIO_EXTI_IRQHandler
 .text.HAL_PCD_Init
                0x08000b88       0xc6 ./Drivers/STM32F1xx_HAL_Driver/Src/stm32f1xx_hal_pcd.o
                0x08000b88                HAL_PCD_Init
 .text.HAL_PCD_Start
                0x08000c4e       0x32 ./Drivers/STM32F1xx_HAL_Driver/Src/stm32f1xx_hal_pcd.o
                0x08000c4e                HAL_PCD_Start
 .text.HAL_PCD_SetAddress
                0x08000c80       0x26 ./Drivers/STM32F1xx_HAL_Driver/Src/stm32f1xx_hal_pcd.o
                0x08000c80                HAL_PCD_SetAddress
 *fill*         0x08000ca6        0x2 
 .text.HAL_PCD_IRQHandler
                0x08000ca8      0xa08 ./Drivers/STM32F1xx_HAL_Driver/Src/stm32f1xx_hal_pcd.o
                0x08000ca8                HAL_PCD_IRQHandler
 .text.HAL_PCD_EP_Open
                0x080016b0       0x60 ./Drivers/STM32F1xx_HAL_Driver/Src/stm32f1xx_hal_pcd.o
                0x080016b0                HAL_PCD_EP_Open
 .text.HAL_PCD_EP_Close
                0x08001710       0x50 ./Drivers/STM32F1xx_HAL_Driver/Src/stm32f1xx_hal_pcd.o
                0x08001710                HAL_PCD_EP_Close
 .text.HAL_PCD_EP_Receive
                0x08001760       0x2e ./Drivers/STM32F1xx_HAL_Driver/Src/stm32f1xx_hal_pcd.o
                0x08001760                HAL_PCD_EP_Receive
 .text.HAL_PCD_EP_GetRxCount
                0x0800178e       0x10 ./Drivers/STM32F1xx_HAL_Driver/Src/stm32f1xx_hal_pcd.o
                0x0800178e                HAL_PCD_EP_GetRxCount
 .text.HAL_PCD_EP_Transmit
                0x0800179e       0x30 ./Drivers/STM32F1xx_HAL_Driver/Src/stm32f1xx_hal_pcd.o
                0x0800179e                HAL_PCD_EP_Transmit
 .text.HAL_PCD_EP_SetStall
                0x080017ce       0x6c ./Drivers/STM32F1xx_HAL_Driver/Src/stm32f1xx_hal_pcd.o
                0x080017ce                HAL_PCD_EP_SetStall
 .text.HAL_PCD_EP_ClrStall
                0x0800183a       0x64 ./Drivers/STM32F1xx_HAL_Driver/Src/stm32f1xx_hal_pcd.o
                0x0800183a                HAL_PCD_EP_ClrStall
 .text.HAL_PCDEx_PMAConfig
                0x0800189e       0x32 ./Drivers/STM32F1xx_HAL_Driver/Src/stm32f1xx_hal_pcd_ex.o
                0x0800189e                HAL_PCDEx_PMAConfig
 .text.HAL_RCC_OscConfig
                0x080018d0      0x338 ./Drivers/STM32F1xx_HAL_Driver/Src/stm32f1xx_hal_rcc.o
                0x080018d0                HAL_RCC_OscConfig
 .text.HAL_RCC_GetSysClockFreq
                0x08001c08       0x4c ./Drivers/STM32F1xx_HAL_Driver/Src/stm32f1xx_hal_rcc.o
                0x08001c08                HAL_RCC_GetSysClockFreq
 .text.HAL_RCC_ClockConfig
                0x08001c54      0x138 ./Drivers/STM32F1xx_HAL_Driver/Src/stm32f1xx_hal_rcc.o
                0x08001c54                HAL_RCC_ClockConfig
 .text.HAL_RCCEx_PeriphCLKConfig
                0x08001d8c       0xf4 ./Drivers/STM32F1xx_HAL_Driver/Src/stm32f1xx_hal_rcc_ex.o
                0x08001d8c                HAL_RCCEx_PeriphCLKConfig
 .text.HAL_TIM_Base_Start
                0x08001e80       0x44 ./Drivers/STM32F1xx_HAL_Driver/Src/stm32f1xx_hal_tim.o
                0x08001e80                HAL_TIM_Base_Start
 .text.TIM_Base_SetConfig
                0x08001ec4       0x70 ./Drivers/STM32F1xx_HAL_Driver/Src/stm32f1xx_hal_tim.o
                0x08001ec4                TIM_Base_SetConfig
 .text.HAL_TIM_Base_Init
                0x08001f34       0x58 ./Drivers/STM32F1xx_HAL_Driver/Src/stm32f1xx_hal_tim.o
                0x08001f34                HAL_TIM_Base_Init
 .text.TIM_ETR_SetConfig
                0x08001f8c       0x14 ./Drivers/STM32F1xx_HAL_Driver/Src/stm32f1xx_hal_tim.o
                0x08001f8c                TIM_ETR_SetConfig
 .text.HAL_TIM_ConfigClockSource
                0x08001fa0      0x132 ./Drivers/STM32F1xx_HAL_Driver/Src/stm32f1xx_hal_tim.o
                0x08001fa0                HAL_TIM_ConfigClockSource
 *fill*         0x080020d2        0x2 
 .text.HAL_TIMEx_MasterConfigSynchronization
                0x080020d4       0x54 ./Drivers/STM32F1xx_HAL_Driver/Src/stm32f1xx_hal_tim_ex.o
                0x080020d4                HAL_TIMEx_MasterConfigSynchronization
 .text.USB_CoreInit
                0x08002128        0xe ./Drivers/STM32F1xx_HAL_Driver/Src/stm32f1xx_ll_usb.o
                0x08002128                USB_CoreInit
 .text.USB_EnableGlobalInt
                0x08002136       0x12 ./Drivers/STM32F1xx_HAL_Driver/Src/stm32f1xx_ll_usb.o
                0x08002136                USB_EnableGlobalInt
 .text.USB_DisableGlobalInt
                0x08002148       0x14 ./Drivers/STM32F1xx_HAL_Driver/Src/stm32f1xx_ll_usb.o
                0x08002148                USB_DisableGlobalInt
 .text.USB_SetCurrentMode
                0x0800215c        0x4 ./Drivers/STM32F1xx_HAL_Driver/Src/stm32f1xx_ll_usb.o
                0x0800215c                USB_SetCurrentMode
 .text.USB_DevInit
                0x08002160       0x22 ./Drivers/STM32F1xx_HAL_Driver/Src/stm32f1xx_ll_usb.o
                0x08002160                USB_DevInit
 *fill*         0x08002182        0x2 
 .text.USB_ActivateEndpoint
                0x08002184      0x2c0 ./Drivers/STM32F1xx_HAL_Driver/Src/stm32f1xx_ll_usb.o
                0x08002184                USB_ActivateEndpoint
 .text.USB_DeactivateEndpoint
                0x08002444      0x1a6 ./Drivers/STM32F1xx_HAL_Driver/Src/stm32f1xx_ll_usb.o
                0x08002444                USB_DeactivateEndpoint
 .text.USB_EPSetStall
                0x080025ea       0x40 ./Drivers/STM32F1xx_HAL_Driver/Src/stm32f1xx_ll_usb.o
                0x080025ea                USB_EPSetStall
 .text.USB_EPClearStall
                0x0800262a       0x92 ./Drivers/STM32F1xx_HAL_Driver/Src/stm32f1xx_ll_usb.o
                0x0800262a                USB_EPClearStall
 .text.USB_SetDevAddress
                0x080026bc        0xc ./Drivers/STM32F1xx_HAL_Driver/Src/stm32f1xx_ll_usb.o
                0x080026bc                USB_SetDevAddress
 .text.USB_DevConnect
                0x080026c8        0x4 ./Drivers/STM32F1xx_HAL_Driver/Src/stm32f1xx_ll_usb.o
                0x080026c8                USB_DevConnect
 .text.USB_DevDisconnect
                0x080026cc        0x4 ./Drivers/STM32F1xx_HAL_Driver/Src/stm32f1xx_ll_usb.o
                0x080026cc                USB_DevDisconnect
 .text.USB_ReadInterrupts
                0x080026d0        0x8 ./Drivers/STM32F1xx_HAL_Driver/Src/stm32f1xx_ll_usb.o
                0x080026d0                USB_ReadInterrupts
 .text.USB_EP0_OutStart
                0x080026d8        0x4 ./Drivers/STM32F1xx_HAL_Driver/Src/stm32f1xx_ll_usb.o
                0x080026d8                USB_EP0_OutStart
 .text.USB_WritePMA
                0x080026dc       0x20 ./Drivers/STM32F1xx_HAL_Driver/Src/stm32f1xx_ll_usb.o
                0x080026dc                USB_WritePMA
 .text.USB_EPStartXfer
                0x080026fc      0x46a ./Drivers/STM32F1xx_HAL_Driver/Src/stm32f1xx_ll_usb.o
                0x080026fc                USB_EPStartXfer
 .text.USB_ReadPMA
                0x08002b66       0x38 ./Drivers/STM32F1xx_HAL_Driver/Src/stm32f1xx_ll_usb.o
                0x08002b66                USB_ReadPMA
 .text.USBD_CDC_EP0_RxReady
                0x08002b9e       0x28 ./Middlewares/ST/STM32_USB_Device_Library/Class/CDC/Src/usbd_cdc.o
 *fill*         0x08002bc6        0x2 
 .text.USBD_CDC_GetFSCfgDesc
                0x08002bc8        0xc ./Middlewares/ST/STM32_USB_Device_Library/Class/CDC/Src/usbd_cdc.o
 .text.USBD_CDC_GetHSCfgDesc
                0x08002bd4        0xc ./Middlewares/ST/STM32_USB_Device_Library/Class/CDC/Src/usbd_cdc.o
 .text.USBD_CDC_GetOtherSpeedCfgDesc
                0x08002be0        0xc ./Middlewares/ST/STM32_USB_Device_Library/Class/CDC/Src/usbd_cdc.o
 .text.USBD_CDC_GetDeviceQualifierDescriptor
                0x08002bec        0xc ./Middlewares/ST/STM32_USB_Device_Library/Class/CDC/Src/usbd_cdc.o
                0x08002bec                USBD_CDC_GetDeviceQualifierDescriptor
 .text.USBD_CDC_DataOut
                0x08002bf8       0x2e ./Middlewares/ST/STM32_USB_Device_Library/Class/CDC/Src/usbd_cdc.o
 .text.USBD_CDC_DataIn
                0x08002c26       0x40 ./Middlewares/ST/STM32_USB_Device_Library/Class/CDC/Src/usbd_cdc.o
 .text.USBD_CDC_Setup
                0x08002c66       0xa2 ./Middlewares/ST/STM32_USB_Device_Library/Class/CDC/Src/usbd_cdc.o
 .text.USBD_CDC_DeInit
                0x08002d08       0x42 ./Middlewares/ST/STM32_USB_Device_Library/Class/CDC/Src/usbd_cdc.o
 .text.USBD_CDC_Init
                0x08002d4a       0x8c ./Middlewares/ST/STM32_USB_Device_Library/Class/CDC/Src/usbd_cdc.o
 .text.USBD_CDC_RegisterInterface
                0x08002dd6        0xe ./Middlewares/ST/STM32_USB_Device_Library/Class/CDC/Src/usbd_cdc.o
                0x08002dd6                USBD_CDC_RegisterInterface
 .text.USBD_CDC_SetTxBuffer
                0x08002de4       0x10 ./Middlewares/ST/STM32_USB_Device_Library/Class/CDC/Src/usbd_cdc.o
                0x08002de4                USBD_CDC_SetTxBuffer
 .text.USBD_CDC_SetRxBuffer
                0x08002df4        0xc ./Middlewares/ST/STM32_USB_Device_Library/Class/CDC/Src/usbd_cdc.o
                0x08002df4                USBD_CDC_SetRxBuffer
 .text.USBD_CDC_TransmitPacket
                0x08002e00       0x32 ./Middlewares/ST/STM32_USB_Device_Library/Class/CDC/Src/usbd_cdc.o
                0x08002e00                USBD_CDC_TransmitPacket
 .text.USBD_CDC_ReceivePacket
                0x08002e32       0x26 ./Middlewares/ST/STM32_USB_Device_Library/Class/CDC/Src/usbd_cdc.o
                0x08002e32                USBD_CDC_ReceivePacket
 .text.USBD_Init
                0x08002e58       0x2a ./Middlewares/ST/STM32_USB_Device_Library/Core/Src/usbd_core.o
                0x08002e58                USBD_Init
 .text.USBD_RegisterClass
                0x08002e82        0xe ./Middlewares/ST/STM32_USB_Device_Library/Core/Src/usbd_core.o
                0x08002e82                USBD_RegisterClass
 .text.USBD_Start
                0x08002e90        0xa ./Middlewares/ST/STM32_USB_Device_Library/Core/Src/usbd_core.o
                0x08002e90                USBD_Start
 .text.USBD_SetClassConfig
                0x08002e9a       0x1a ./Middlewares/ST/STM32_USB_Device_Library/Core/Src/usbd_core.o
                0x08002e9a                USBD_SetClassConfig
 .text.USBD_ClrClassConfig
                0x08002eb4        0xe ./Middlewares/ST/STM32_USB_Device_Library/Core/Src/usbd_core.o
                0x08002eb4                USBD_ClrClassConfig
 .text.USBD_LL_SetupStage
                0x08002ec2       0x5a ./Middlewares/ST/STM32_USB_Device_Library/Core/Src/usbd_core.o
                0x08002ec2                USBD_LL_SetupStage
 .text.USBD_LL_DataOutStage
                0x08002f1c       0x70 ./Middlewares/ST/STM32_USB_Device_Library/Core/Src/usbd_core.o
                0x08002f1c                USBD_LL_DataOutStage
 .text.USBD_LL_DataInStage
                0x08002f8c       0xb8 ./Middlewares/ST/STM32_USB_Device_Library/Core/Src/usbd_core.o
                0x08002f8c                USBD_LL_DataInStage
 .text.USBD_LL_Reset
                0x08003044       0x4e ./Middlewares/ST/STM32_USB_Device_Library/Core/Src/usbd_core.o
                0x08003044                USBD_LL_Reset
 .text.USBD_LL_SetSpeed
                0x08003092        0x6 ./Middlewares/ST/STM32_USB_Device_Library/Core/Src/usbd_core.o
                0x08003092                USBD_LL_SetSpeed
 .text.USBD_LL_Suspend
                0x08003098       0x12 ./Middlewares/ST/STM32_USB_Device_Library/Core/Src/usbd_core.o
                0x08003098                USBD_LL_Suspend
 .text.USBD_LL_Resume
                0x080030aa       0x14 ./Middlewares/ST/STM32_USB_Device_Library/Core/Src/usbd_core.o
                0x080030aa                USBD_LL_Resume
 .text.USBD_LL_SOF
                0x080030be       0x18 ./Middlewares/ST/STM32_USB_Device_Library/Core/Src/usbd_core.o
                0x080030be                USBD_LL_SOF
 .text.USBD_CtlError.constprop.0
                0x080030d6       0x16 ./Middlewares/ST/STM32_USB_Device_Library/Core/Src/usbd_ctlreq.o
 .text.USBD_StdDevReq
                0x080030ec      0x250 ./Middlewares/ST/STM32_USB_Device_Library/Core/Src/usbd_ctlreq.o
                0x080030ec                USBD_StdDevReq
 .text.USBD_StdItfReq
                0x0800333c       0x48 ./Middlewares/ST/STM32_USB_Device_Library/Core/Src/usbd_ctlreq.o
                0x0800333c                USBD_StdItfReq
 .text.USBD_StdEPReq
                0x08003384      0x110 ./Middlewares/ST/STM32_USB_Device_Library/Core/Src/usbd_ctlreq.o
                0x08003384                USBD_StdEPReq
 .text.USBD_ParseSetupRequest
                0x08003494       0x16 ./Middlewares/ST/STM32_USB_Device_Library/Core/Src/usbd_ctlreq.o
                0x08003494                USBD_ParseSetupRequest
 .text.USBD_CtlError
                0x080034aa       0x16 ./Middlewares/ST/STM32_USB_Device_Library/Core/Src/usbd_ctlreq.o
                0x080034aa                USBD_CtlError
 .text.USBD_GetString
                0x080034c0       0x38 ./Middlewares/ST/STM32_USB_Device_Library/Core/Src/usbd_ctlreq.o
                0x080034c0                USBD_GetString
 .text.USBD_CtlSendData
                0x080034f8       0x1a ./Middlewares/ST/STM32_USB_Device_Library/Core/Src/usbd_ioreq.o
                0x080034f8                USBD_CtlSendData
 .text.USBD_CtlContinueSendData
                0x08003512       0x10 ./Middlewares/ST/STM32_USB_Device_Library/Core/Src/usbd_ioreq.o
                0x08003512                USBD_CtlContinueSendData
 .text.USBD_CtlPrepareRx
                0x08003522       0x1a ./Middlewares/ST/STM32_USB_Device_Library/Core/Src/usbd_ioreq.o
                0x08003522                USBD_CtlPrepareRx
 .text.USBD_CtlContinueRx
                0x0800353c       0x10 ./Middlewares/ST/STM32_USB_Device_Library/Core/Src/usbd_ioreq.o
                0x0800353c                USBD_CtlContinueRx
 .text.USBD_CtlSendStatus
                0x0800354c       0x16 ./Middlewares/ST/STM32_USB_Device_Library/Core/Src/usbd_ioreq.o
                0x0800354c                USBD_CtlSendStatus
 .text.USBD_CtlReceiveStatus
                0x08003562       0x16 ./Middlewares/ST/STM32_USB_Device_Library/Core/Src/usbd_ioreq.o
                0x08003562                USBD_CtlReceiveStatus
 .text.MX_USB_DEVICE_Init
                0x08003578       0x50 ./USB_DEVICE/App/usb_device.o
                0x08003578                MX_USB_DEVICE_Init
 .text.CDC_DeInit_FS
                0x080035c8        0x4 ./USB_DEVICE/App/usbd_cdc_if.o
 .text.CDC_Control_FS
                0x080035cc        0x4 ./USB_DEVICE/App/usbd_cdc_if.o
 .text.CDC_Receive_FS
                0x080035d0       0x1c ./USB_DEVICE/App/usbd_cdc_if.o
 .text.CDC_Init_FS
                0x080035ec       0x28 ./USB_DEVICE/App/usbd_cdc_if.o
 .text.CDC_Transmit_FS
                0x08003614       0x2c ./USB_DEVICE/App/usbd_cdc_if.o
                0x08003614                CDC_Transmit_FS
 .text.USBD_FS_DeviceDescriptor
                0x08003640        0xc ./USB_DEVICE/App/usbd_desc.o
                0x08003640                USBD_FS_DeviceDescriptor
 .text.USBD_FS_LangIDStrDescriptor
                0x0800364c        0xc ./USB_DEVICE/App/usbd_desc.o
                0x0800364c                USBD_FS_LangIDStrDescriptor
 .text.IntToUnicode
                0x08003658       0x2a ./USB_DEVICE/App/usbd_desc.o
 *fill*         0x08003682        0x2 
 .text.USBD_FS_SerialStrDescriptor
                0x08003684       0x3c ./USB_DEVICE/App/usbd_desc.o
                0x08003684                USBD_FS_SerialStrDescriptor
 .text.USBD_FS_ManufacturerStrDescriptor
                0x080036c0       0x1c ./USB_DEVICE/App/usbd_desc.o
                0x080036c0                USBD_FS_ManufacturerStrDescriptor
 .text.USBD_FS_ProductStrDescriptor
                0x080036dc       0x1c ./USB_DEVICE/App/usbd_desc.o
                0x080036dc                USBD_FS_ProductStrDescriptor
 .text.USBD_FS_ConfigStrDescriptor
                0x080036f8       0x1c ./USB_DEVICE/App/usbd_desc.o
                0x080036f8                USBD_FS_ConfigStrDescriptor
 .text.USBD_FS_InterfaceStrDescriptor
                0x08003714       0x1c ./USB_DEVICE/App/usbd_desc.o
                0x08003714                USBD_FS_InterfaceStrDescriptor
 .text.USBD_Get_USB_Status
                0x08003730        0xc ./USB_DEVICE/Target/usbd_conf.o
 .text.HAL_PCD_MspInit
                0x0800373c       0x40 ./USB_DEVICE/Target/usbd_conf.o
                0x0800373c                HAL_PCD_MspInit
 .text.HAL_PCD_SetupStageCallback
                0x0800377c        0xc ./USB_DEVICE/Target/usbd_conf.o
                0x0800377c                HAL_PCD_SetupStageCallback
 .text.HAL_PCD_DataOutStageCallback
                0x08003788       0x12 ./USB_DEVICE/Target/usbd_conf.o
                0x08003788                HAL_PCD_DataOutStageCallback
 .text.HAL_PCD_DataInStageCallback
                0x0800379a       0x10 ./USB_DEVICE/Target/usbd_conf.o
                0x0800379a                HAL_PCD_DataInStageCallback
 .text.HAL_PCD_SOFCallback
                0x080037aa        0x8 ./USB_DEVICE/Target/usbd_conf.o
                0x080037aa                HAL_PCD_SOFCallback
 .text.HAL_PCD_ResetCallback
                0x080037b2       0x24 ./USB_DEVICE/Target/usbd_conf.o
                0x080037b2                HAL_PCD_ResetCallback
 *fill*         0x080037d6        0x2 
 .text.HAL_PCD_SuspendCallback
                0x080037d8       0x20 ./USB_DEVICE/Target/usbd_conf.o
                0x080037d8                HAL_PCD_SuspendCallback
 .text.HAL_PCD_ResumeCallback
                0x080037f8        0x8 ./USB_DEVICE/Target/usbd_conf.o
                0x080037f8                HAL_PCD_ResumeCallback
 .text.USBD_LL_Init
                0x08003800       0x80 ./USB_DEVICE/Target/usbd_conf.o
                0x08003800                USBD_LL_Init
 .text.USBD_LL_Start
                0x08003880       0x12 ./USB_DEVICE/Target/usbd_conf.o
                0x08003880                USBD_LL_Start
 .text.USBD_LL_OpenEP
                0x08003892       0x18 ./USB_DEVICE/Target/usbd_conf.o
                0x08003892                USBD_LL_OpenEP
 .text.USBD_LL_CloseEP
                0x080038aa       0x12 ./USB_DEVICE/Target/usbd_conf.o
                0x080038aa                USBD_LL_CloseEP
 .text.USBD_LL_StallEP
                0x080038bc       0x12 ./USB_DEVICE/Target/usbd_conf.o
                0x080038bc                USBD_LL_StallEP
 .text.USBD_LL_ClearStallEP
                0x080038ce       0x12 ./USB_DEVICE/Target/usbd_conf.o
                0x080038ce                USBD_LL_ClearStallEP
 .text.USBD_LL_IsStallEP
                0x080038e0       0x22 ./USB_DEVICE/Target/usbd_conf.o
                0x080038e0                USBD_LL_IsStallEP
 .text.USBD_LL_SetUSBAddress
                0x08003902       0x12 ./USB_DEVICE/Target/usbd_conf.o
                0x08003902                USBD_LL_SetUSBAddress
 .text.USBD_LL_Transmit
                0x08003914       0x12 ./USB_DEVICE/Target/usbd_conf.o
                0x08003914                USBD_LL_Transmit
 .text.USBD_LL_PrepareReceive
                0x08003926       0x12 ./USB_DEVICE/Target/usbd_conf.o
                0x08003926                USBD_LL_PrepareReceive
 .text.USBD_LL_GetRxDataSize
                0x08003938        0x8 ./USB_DEVICE/Target/usbd_conf.o
                0x08003938                USBD_LL_GetRxDataSize
 .text.USBD_static_malloc
                0x08003940        0x8 ./USB_DEVICE/Target/usbd_conf.o
                0x08003940                USBD_static_malloc
 .text.USBD_static_free
                0x08003948        0x2 ./USB_DEVICE/Target/usbd_conf.o
                0x08003948                USBD_static_free
 .text.HAL_PCDEx_SetConnectionState
                0x0800394a        0x2 ./USB_DEVICE/Target/usbd_conf.o
                0x0800394a                HAL_PCDEx_SetConnectionState
 .text.sprintf  0x0800394c       0x40 C:/ST/STM32CubeIDE_1.17.0/STM32CubeIDE/plugins/com.st.stm32cube.ide.mcu.externaltools.gnu-tools-for-stm32.12.3.rel1.win32_1.1.0.202410251130/tools/bin/../lib/gcc/arm-none-eabi/12.3.1/../../../../arm-none-eabi/lib/thumb/v7-m/nofp\libc_nano.a(libc_a-sprintf.o)
                0x0800394c                siprintf
                0x0800394c                sprintf
 .text.memset   0x0800398c       0x10 C:/ST/STM32CubeIDE_1.17.0/STM32CubeIDE/plugins/com.st.stm32cube.ide.mcu.externaltools.gnu-tools-for-stm32.12.3.rel1.win32_1.1.0.202410251130/tools/bin/../lib/gcc/arm-none-eabi/12.3.1/../../../../arm-none-eabi/lib/thumb/v7-m/nofp\libc_nano.a(libc_a-memset.o)
                0x0800398c                memset
 .text.__errno  0x0800399c        0xc C:/ST/STM32CubeIDE_1.17.0/STM32CubeIDE/plugins/com.st.stm32cube.ide.mcu.externaltools.gnu-tools-for-stm32.12.3.rel1.win32_1.1.0.202410251130/tools/bin/../lib/gcc/arm-none-eabi/12.3.1/../../../../arm-none-eabi/lib/thumb/v7-m/nofp\libc_nano.a(libc_a-errno.o)
                0x0800399c                __errno
 .text.__libc_init_array
                0x080039a8       0x48 C:/ST/STM32CubeIDE_1.17.0/STM32CubeIDE/plugins/com.st.stm32cube.ide.mcu.externaltools.gnu-tools-for-stm32.12.3.rel1.win32_1.1.0.202410251130/tools/bin/../lib/gcc/arm-none-eabi/12.3.1/../../../../arm-none-eabi/lib/thumb/v7-m/nofp\libc_nano.a(libc_a-init.o)
                0x080039a8                __libc_init_array
 .text.__retarget_lock_acquire_recursive
                0x080039f0        0x2 C:/ST/STM32CubeIDE_1.17.0/STM32CubeIDE/plugins/com.st.stm32cube.ide.mcu.externaltools.gnu-tools-for-stm32.12.3.rel1.win32_1.1.0.202410251130/tools/bin/../lib/gcc/arm-none-eabi/12.3.1/../../../../arm-none-eabi/lib/thumb/v7-m/nofp\libc_nano.a(libc_a-lock.o)
                0x080039f0                __retarget_lock_acquire_recursive
 .text.__retarget_lock_release_recursive
                0x080039f2        0x2 C:/ST/STM32CubeIDE_1.17.0/STM32CubeIDE/plugins/com.st.stm32cube.ide.mcu.externaltools.gnu-tools-for-stm32.12.3.rel1.win32_1.1.0.202410251130/tools/bin/../lib/gcc/arm-none-eabi/12.3.1/../../../../arm-none-eabi/lib/thumb/v7-m/nofp\libc_nano.a(libc_a-lock.o)
                0x080039f2                __retarget_lock_release_recursive
 .text._free_r  0x080039f4       0x90 C:/ST/STM32CubeIDE_1.17.0/STM32CubeIDE/plugins/com.st.stm32cube.ide.mcu.externaltools.gnu-tools-for-stm32.12.3.rel1.win32_1.1.0.202410251130/tools/bin/../lib/gcc/arm-none-eabi/12.3.1/../../../../arm-none-eabi/lib/thumb/v7-m/nofp\libc_nano.a(libc_a-freer.o)
                0x080039f4                _free_r
 .text.sbrk_aligned
                0x08003a84       0x44 C:/ST/STM32CubeIDE_1.17.0/STM32CubeIDE/plugins/com.st.stm32cube.ide.mcu.externaltools.gnu-tools-for-stm32.12.3.rel1.win32_1.1.0.202410251130/tools/bin/../lib/gcc/arm-none-eabi/12.3.1/../../../../arm-none-eabi/lib/thumb/v7-m/nofp\libc_nano.a(libc_a-mallocr.o)
 .text._malloc_r
                0x08003ac8      0x100 C:/ST/STM32CubeIDE_1.17.0/STM32CubeIDE/plugins/com.st.stm32cube.ide.mcu.externaltools.gnu-tools-for-stm32.12.3.rel1.win32_1.1.0.202410251130/tools/bin/../lib/gcc/arm-none-eabi/12.3.1/../../../../arm-none-eabi/lib/thumb/v7-m/nofp\libc_nano.a(libc_a-mallocr.o)
                0x08003ac8                _malloc_r
 .text.__malloc_lock
                0x08003bc8        0xc C:/ST/STM32CubeIDE_1.17.0/STM32CubeIDE/plugins/com.st.stm32cube.ide.mcu.externaltools.gnu-tools-for-stm32.12.3.rel1.win32_1.1.0.202410251130/tools/bin/../lib/gcc/arm-none-eabi/12.3.1/../../../../arm-none-eabi/lib/thumb/v7-m/nofp\libc_nano.a(libc_a-mlock.o)
                0x08003bc8                __malloc_lock
 .text.__malloc_unlock
                0x08003bd4        0xc C:/ST/STM32CubeIDE_1.17.0/STM32CubeIDE/plugins/com.st.stm32cube.ide.mcu.externaltools.gnu-tools-for-stm32.12.3.rel1.win32_1.1.0.202410251130/tools/bin/../lib/gcc/arm-none-eabi/12.3.1/../../../../arm-none-eabi/lib/thumb/v7-m/nofp\libc_nano.a(libc_a-mlock.o)
                0x08003bd4                __malloc_unlock
 .text.__ssputs_r
                0x08003be0       0xb6 C:/ST/STM32CubeIDE_1.17.0/STM32CubeIDE/plugins/com.st.stm32cube.ide.mcu.externaltools.gnu-tools-for-stm32.12.3.rel1.win32_1.1.0.202410251130/tools/bin/../lib/gcc/arm-none-eabi/12.3.1/../../../../arm-none-eabi/lib/thumb/v7-m/nofp\libc_nano.a(libc_a-nano-svfprintf.o)
                0x08003be0                __ssputs_r
 *fill*         0x08003c96        0x2 
 .text._svfprintf_r
                0x08003c98      0x1f8 C:/ST/STM32CubeIDE_1.17.0/STM32CubeIDE/plugins/com.st.stm32cube.ide.mcu.externaltools.gnu-tools-for-stm32.12.3.rel1.win32_1.1.0.202410251130/tools/bin/../lib/gcc/arm-none-eabi/12.3.1/../../../../arm-none-eabi/lib/thumb/v7-m/nofp\libc_nano.a(libc_a-nano-svfprintf.o)
                0x08003c98                _svfiprintf_r
                0x08003c98                _svfprintf_r
 .text._printf_common
                0x08003e90       0xe4 C:/ST/STM32CubeIDE_1.17.0/STM32CubeIDE/plugins/com.st.stm32cube.ide.mcu.externaltools.gnu-tools-for-stm32.12.3.rel1.win32_1.1.0.202410251130/tools/bin/../lib/gcc/arm-none-eabi/12.3.1/../../../../arm-none-eabi/lib/thumb/v7-m/nofp\libc_nano.a(libc_a-nano-vfprintf_i.o)
                0x08003e90                _printf_common
 .text._printf_i
                0x08003f74      0x240 C:/ST/STM32CubeIDE_1.17.0/STM32CubeIDE/plugins/com.st.stm32cube.ide.mcu.externaltools.gnu-tools-for-stm32.12.3.rel1.win32_1.1.0.202410251130/tools/bin/../lib/gcc/arm-none-eabi/12.3.1/../../../../arm-none-eabi/lib/thumb/v7-m/nofp\libc_nano.a(libc_a-nano-vfprintf_i.o)
                0x08003f74                _printf_i
 .text.memmove  0x080041b4       0x34 C:/ST/STM32CubeIDE_1.17.0/STM32CubeIDE/plugins/com.st.stm32cube.ide.mcu.externaltools.gnu-tools-for-stm32.12.3.rel1.win32_1.1.0.202410251130/tools/bin/../lib/gcc/arm-none-eabi/12.3.1/../../../../arm-none-eabi/lib/thumb/v7-m/nofp\libc_nano.a(libc_a-memmove.o)
                0x080041b4                memmove
 .text._sbrk_r  0x080041e8       0x20 C:/ST/STM32CubeIDE_1.17.0/STM32CubeIDE/plugins/com.st.stm32cube.ide.mcu.externaltools.gnu-tools-for-stm32.12.3.rel1.win32_1.1.0.202410251130/tools/bin/../lib/gcc/arm-none-eabi/12.3.1/../../../../arm-none-eabi/lib/thumb/v7-m/nofp\libc_nano.a(libc_a-sbrkr.o)
                0x080041e8                _sbrk_r
 .text.memchr   0x08004208       0x1c C:/ST/STM32CubeIDE_1.17.0/STM32CubeIDE/plugins/com.st.stm32cube.ide.mcu.externaltools.gnu-tools-for-stm32.12.3.rel1.win32_1.1.0.202410251130/tools/bin/../lib/gcc/arm-none-eabi/12.3.1/../../../../arm-none-eabi/lib/thumb/v7-m/nofp\libc_nano.a(libc_a-memchr-stub.o)
                0x08004208                memchr
 .text.memcpy   0x08004224       0x1c C:/ST/STM32CubeIDE_1.17.0/STM32CubeIDE/plugins/com.st.stm32cube.ide.mcu.externaltools.gnu-tools-for-stm32.12.3.rel1.win32_1.1.0.202410251130/tools/bin/../lib/gcc/arm-none-eabi/12.3.1/../../../../arm-none-eabi/lib/thumb/v7-m/nofp\libc_nano.a(libc_a-memcpy-stub.o)
                0x08004224                memcpy
 .text._realloc_r
                0x08004240       0x5c C:/ST/STM32CubeIDE_1.17.0/STM32CubeIDE/plugins/com.st.stm32cube.ide.mcu.externaltools.gnu-tools-for-stm32.12.3.rel1.win32_1.1.0.202410251130/tools/bin/../lib/gcc/arm-none-eabi/12.3.1/../../../../arm-none-eabi/lib/thumb/v7-m/nofp\libc_nano.a(libc_a-reallocr.o)
                0x08004240                _realloc_r
 .text._malloc_usable_size_r
                0x0800429c       0x10 C:/ST/STM32CubeIDE_1.17.0/STM32CubeIDE/plugins/com.st.stm32cube.ide.mcu.externaltools.gnu-tools-for-stm32.12.3.rel1.win32_1.1.0.202410251130/tools/bin/../lib/gcc/arm-none-eabi/12.3.1/../../../../arm-none-eabi/lib/thumb/v7-m/nofp\libc_nano.a(libc_a-msizer.o)
                0x0800429c                _malloc_usable_size_r
 *(.glue_7)
 .glue_7        0x080042ac        0x0 linker stubs
 *(.glue_7t)
 .glue_7t       0x080042ac        0x0 linker stubs
 *(.eh_frame)
 .eh_frame      0x080042ac        0x0 C:/ST/STM32CubeIDE_1.17.0/STM32CubeIDE/plugins/com.st.stm32cube.ide.mcu.externaltools.gnu-tools-for-stm32.12.3.rel1.win32_1.1.0.202410251130/tools/bin/../lib/gcc/arm-none-eabi/12.3.1/thumb/v7-m/nofp/crtbegin.o
 *(.init)
 .init          0x080042ac        0x4 C:/ST/STM32CubeIDE_1.17.0/STM32CubeIDE/plugins/com.st.stm32cube.ide.mcu.externaltools.gnu-tools-for-stm32.12.3.rel1.win32_1.1.0.202410251130/tools/bin/../lib/gcc/arm-none-eabi/12.3.1/thumb/v7-m/nofp/crti.o
                0x080042ac                _init
 .init          0x080042b0        0x8 C:/ST/STM32CubeIDE_1.17.0/STM32CubeIDE/plugins/com.st.stm32cube.ide.mcu.externaltools.gnu-tools-for-stm32.12.3.rel1.win32_1.1.0.202410251130/tools/bin/../lib/gcc/arm-none-eabi/12.3.1/thumb/v7-m/nofp/crtn.o
 *(.fini)
 .fini          0x080042b8        0x4 C:/ST/STM32CubeIDE_1.17.0/STM32CubeIDE/plugins/com.st.stm32cube.ide.mcu.externaltools.gnu-tools-for-stm32.12.3.rel1.win32_1.1.0.202410251130/tools/bin/../lib/gcc/arm-none-eabi/12.3.1/thumb/v7-m/nofp/crti.o
                0x080042b8                _fini
 .fini          0x080042bc        0x8 C:/ST/STM32CubeIDE_1.17.0/STM32CubeIDE/plugins/com.st.stm32cube.ide.mcu.externaltools.gnu-tools-for-stm32.12.3.rel1.win32_1.1.0.202410251130/tools/bin/../lib/gcc/arm-none-eabi/12.3.1/thumb/v7-m/nofp/crtn.o
                0x080042c4                        . = ALIGN (0x4)
                0x080042c4                        _etext = .

.vfp11_veneer   0x080042c4        0x0
 .vfp11_veneer  0x080042c4        0x0 linker stubs

.v4_bx          0x080042c4        0x0
 .v4_bx         0x080042c4        0x0 linker stubs

.iplt           0x080042c4        0x0
 .iplt          0x080042c4        0x0 C:/ST/STM32CubeIDE_1.17.0/STM32CubeIDE/plugins/com.st.stm32cube.ide.mcu.externaltools.gnu-tools-for-stm32.12.3.rel1.win32_1.1.0.202410251130/tools/bin/../lib/gcc/arm-none-eabi/12.3.1/thumb/v7-m/nofp/crtbegin.o

.rodata         0x080042c4       0xec
                0x080042c4                        . = ALIGN (0x4)
 *(.rodata)
 *(.rodata*)
 .rodata.process_ir_signal.str1.1
                0x080042c4       0x54 ./Core/Src/IR_Receiver.o
 .rodata.AHBPrescTable
                0x08004318       0x10 ./Core/Src/system_stm32f1xx.o
                0x08004318                AHBPrescTable
 .rodata.aPredivFactorTable.0
                0x08004328        0x2 ./Drivers/STM32F1xx_HAL_Driver/Src/stm32f1xx_hal_rcc.o
 .rodata.aPLLMULFactorTable.1
                0x0800432a       0x10 ./Drivers/STM32F1xx_HAL_Driver/Src/stm32f1xx_hal_rcc.o
 .rodata.USBD_FS_ManufacturerStrDescriptor.str1.1
                0x0800433a       0x13 ./USB_DEVICE/App/usbd_desc.o
 .rodata.USBD_FS_ProductStrDescriptor.str1.1
                0x0800434d       0x16 ./USB_DEVICE/App/usbd_desc.o
 .rodata.USBD_FS_ConfigStrDescriptor.str1.1
                0x08004363        0xb ./USB_DEVICE/App/usbd_desc.o
 .rodata.USBD_FS_InterfaceStrDescriptor.str1.1
                0x0800436e        0xe ./USB_DEVICE/App/usbd_desc.o
 .rodata._svfprintf_r.str1.1
                0x0800437c       0x11 C:/ST/STM32CubeIDE_1.17.0/STM32CubeIDE/plugins/com.st.stm32cube.ide.mcu.externaltools.gnu-tools-for-stm32.12.3.rel1.win32_1.1.0.202410251130/tools/bin/../lib/gcc/arm-none-eabi/12.3.1/../../../../arm-none-eabi/lib/thumb/v7-m/nofp\libc_nano.a(libc_a-nano-svfprintf.o)
 .rodata._printf_i.str1.1
                0x0800438d       0x22 C:/ST/STM32CubeIDE_1.17.0/STM32CubeIDE/plugins/com.st.stm32cube.ide.mcu.externaltools.gnu-tools-for-stm32.12.3.rel1.win32_1.1.0.202410251130/tools/bin/../lib/gcc/arm-none-eabi/12.3.1/../../../../arm-none-eabi/lib/thumb/v7-m/nofp\libc_nano.a(libc_a-nano-vfprintf_i.o)
                0x080043b0                        . = ALIGN (0x4)
 *fill*         0x080043af        0x1 

.ARM.extab      0x080043b0        0x0
                0x080043b0                        . = ALIGN (0x4)
 *(.ARM.extab* .gnu.linkonce.armextab.*)
                0x080043b0                        . = ALIGN (0x4)

.ARM            0x080043b0        0x8
                0x080043b0                        . = ALIGN (0x4)
                0x080043b0                        __exidx_start = .
 *(.ARM.exidx*)
 .ARM.exidx     0x080043b0        0x8 C:/ST/STM32CubeIDE_1.17.0/STM32CubeIDE/plugins/com.st.stm32cube.ide.mcu.externaltools.gnu-tools-for-stm32.12.3.rel1.win32_1.1.0.202410251130/tools/bin/../lib/gcc/arm-none-eabi/12.3.1/../../../../arm-none-eabi/lib/thumb/v7-m/nofp\libc_nano.a(libc_a-strlen.o)
                0x080043b8                        __exidx_end = .
                0x080043b8                        . = ALIGN (0x4)

.preinit_array  0x080043b8        0x0
                0x080043b8                        . = ALIGN (0x4)
                0x080043b8                        PROVIDE (__preinit_array_start = .)
 *(.preinit_array*)
                0x080043b8                        PROVIDE (__preinit_array_end = .)
                0x080043b8                        . = ALIGN (0x4)

.init_array     0x080043b8        0x4
                0x080043b8                        . = ALIGN (0x4)
                0x080043b8                        PROVIDE (__init_array_start = .)
 *(SORT_BY_NAME(.init_array.*))
 *(.init_array*)
 .init_array    0x080043b8        0x4 C:/ST/STM32CubeIDE_1.17.0/STM32CubeIDE/plugins/com.st.stm32cube.ide.mcu.externaltools.gnu-tools-for-stm32.12.3.rel1.win32_1.1.0.202410251130/tools/bin/../lib/gcc/arm-none-eabi/12.3.1/thumb/v7-m/nofp/crtbegin.o
                0x080043bc                        PROVIDE (__init_array_end = .)
                0x080043bc                        . = ALIGN (0x4)

.fini_array     0x080043bc        0x4
                0x080043bc                        . = ALIGN (0x4)
                [!provide]                        PROVIDE (__fini_array_start = .)
 *(SORT_BY_NAME(.fini_array.*))
 *(.fini_array*)
 .fini_array    0x080043bc        0x4 C:/ST/STM32CubeIDE_1.17.0/STM32CubeIDE/plugins/com.st.stm32cube.ide.mcu.externaltools.gnu-tools-for-stm32.12.3.rel1.win32_1.1.0.202410251130/tools/bin/../lib/gcc/arm-none-eabi/12.3.1/thumb/v7-m/nofp/crtbegin.o
                [!provide]                        PROVIDE (__fini_array_end = .)
                0x080043c0                        . = ALIGN (0x4)
                0x080043c0                        _sidata = LOADADDR (.data)

.rel.dyn        0x080043c0        0x0
 .rel.iplt      0x080043c0        0x0 C:/ST/STM32CubeIDE_1.17.0/STM32CubeIDE/plugins/com.st.stm32cube.ide.mcu.externaltools.gnu-tools-for-stm32.12.3.rel1.win32_1.1.0.202410251130/tools/bin/../lib/gcc/arm-none-eabi/12.3.1/thumb/v7-m/nofp/crtbegin.o

.data           0x20000000      0x1d8 load address 0x080043c0
                0x20000000                        . = ALIGN (0x4)
                0x20000000                        _sdata = .
 *(.data)
 *(.data*)
 .data.motor    0x20000000        0xc ./Core/Src/main.o
                0x20000000                motor
 .data.SystemCoreClock
                0x2000000c        0x4 ./Core/Src/system_stm32f1xx.o
                0x2000000c                SystemCoreClock
 .data.uwTickFreq
                0x20000010        0x1 ./Drivers/STM32F1xx_HAL_Driver/Src/stm32f1xx_hal.o
                0x20000010                uwTickFreq
 *fill*         0x20000011        0x3 
 .data.uwTickPrio
                0x20000014        0x4 ./Drivers/STM32F1xx_HAL_Driver/Src/stm32f1xx_hal.o
                0x20000014                uwTickPrio
 .data.USBD_CDC_OtherSpeedCfgDesc
                0x20000018       0x43 ./Middlewares/ST/STM32_USB_Device_Library/Class/CDC/Src/usbd_cdc.o
                0x20000018                USBD_CDC_OtherSpeedCfgDesc
 *fill*         0x2000005b        0x1 
 .data.USBD_CDC_CfgFSDesc
                0x2000005c       0x43 ./Middlewares/ST/STM32_USB_Device_Library/Class/CDC/Src/usbd_cdc.o
                0x2000005c                USBD_CDC_CfgFSDesc
 *fill*         0x2000009f        0x1 
 .data.USBD_CDC_CfgHSDesc
                0x200000a0       0x43 ./Middlewares/ST/STM32_USB_Device_Library/Class/CDC/Src/usbd_cdc.o
                0x200000a0                USBD_CDC_CfgHSDesc
 *fill*         0x200000e3        0x1 
 .data.USBD_CDC
                0x200000e4       0x38 ./Middlewares/ST/STM32_USB_Device_Library/Class/CDC/Src/usbd_cdc.o
                0x200000e4                USBD_CDC
 .data.USBD_CDC_DeviceQualifierDesc
                0x2000011c        0xa ./Middlewares/ST/STM32_USB_Device_Library/Class/CDC/Src/usbd_cdc.o
 *fill*         0x20000126        0x2 
 .data.USBD_Interface_fops_FS
                0x20000128       0x10 ./USB_DEVICE/App/usbd_cdc_if.o
                0x20000128                USBD_Interface_fops_FS
 .data.USBD_StringSerial
                0x20000138       0x1a ./USB_DEVICE/App/usbd_desc.o
                0x20000138                USBD_StringSerial
 *fill*         0x20000152        0x2 
 .data.USBD_LangIDDesc
                0x20000154        0x4 ./USB_DEVICE/App/usbd_desc.o
                0x20000154                USBD_LangIDDesc
 .data.USBD_FS_DeviceDesc
                0x20000158       0x12 ./USB_DEVICE/App/usbd_desc.o
                0x20000158                USBD_FS_DeviceDesc
 *fill*         0x2000016a        0x2 
 .data.FS_Desc  0x2000016c       0x1c ./USB_DEVICE/App/usbd_desc.o
                0x2000016c                FS_Desc
 .data._impure_ptr
                0x20000188        0x4 C:/ST/STM32CubeIDE_1.17.0/STM32CubeIDE/plugins/com.st.stm32cube.ide.mcu.externaltools.gnu-tools-for-stm32.12.3.rel1.win32_1.1.0.202410251130/tools/bin/../lib/gcc/arm-none-eabi/12.3.1/../../../../arm-none-eabi/lib/thumb/v7-m/nofp\libc_nano.a(libc_a-impure.o)
                0x20000188                _impure_ptr
 .data._impure_data
                0x2000018c       0x4c C:/ST/STM32CubeIDE_1.17.0/STM32CubeIDE/plugins/com.st.stm32cube.ide.mcu.externaltools.gnu-tools-for-stm32.12.3.rel1.win32_1.1.0.202410251130/tools/bin/../lib/gcc/arm-none-eabi/12.3.1/../../../../arm-none-eabi/lib/thumb/v7-m/nofp\libc_nano.a(libc_a-impure.o)
                0x2000018c                _impure_data
 *(.RamFunc)
 *(.RamFunc*)
                0x200001d8                        . = ALIGN (0x4)
                0x200001d8                        _edata = .

.igot.plt       0x200001d8        0x0 load address 0x08004598
 .igot.plt      0x200001d8        0x0 C:/ST/STM32CubeIDE_1.17.0/STM32CubeIDE/plugins/com.st.stm32cube.ide.mcu.externaltools.gnu-tools-for-stm32.12.3.rel1.win32_1.1.0.202410251130/tools/bin/../lib/gcc/arm-none-eabi/12.3.1/thumb/v7-m/nofp/crtbegin.o
                0x200001d8                        . = ALIGN (0x4)

.bss            0x200001d8     0x152c load address 0x08004598
                0x200001d8                        _sbss = .
                0x200001d8                        __bss_start__ = _sbss
 *(.bss)
 .bss           0x200001d8       0x1c C:/ST/STM32CubeIDE_1.17.0/STM32CubeIDE/plugins/com.st.stm32cube.ide.mcu.externaltools.gnu-tools-for-stm32.12.3.rel1.win32_1.1.0.202410251130/tools/bin/../lib/gcc/arm-none-eabi/12.3.1/thumb/v7-m/nofp/crtbegin.o
 *(.bss*)
 .bss.controlled_signals
                0x200001f4       0x20 ./Core/Src/main.o
                0x200001f4                controlled_signals
 .bss.prog_counter
                0x20000214        0x1 ./Core/Src/main.o
                0x20000214                prog_counter
 .bss.ir_index  0x20000215        0x1 ./Core/Src/main.o
                0x20000215                ir_index
 *fill*         0x20000216        0x2 
 .bss.signal_timings
                0x20000218      0x190 ./Core/Src/main.o
                0x20000218                signal_timings
 .bss.programming
                0x200003a8        0x1 ./Core/Src/main.o
                0x200003a8                programming
 *fill*         0x200003a9        0x3 
 .bss.htim2     0x200003ac       0x48 ./Core/Src/main.o
                0x200003ac                htim2
 .bss.__sbrk_heap_end
                0x200003f4        0x4 ./Core/Src/sysmem.o
 .bss.uwTick    0x200003f8        0x4 ./Drivers/STM32F1xx_HAL_Driver/Src/stm32f1xx_hal.o
                0x200003f8                uwTick
 .bss.cfgidx.0  0x200003fc        0x1 ./Middlewares/ST/STM32_USB_Device_Library/Core/Src/usbd_ctlreq.o
 *fill*         0x200003fd        0x3 
 .bss.hUsbDeviceFS
                0x20000400      0x2c4 ./USB_DEVICE/App/usb_device.o
                0x20000400                hUsbDeviceFS
 .bss.UserTxBufferFS
                0x200006c4      0x400 ./USB_DEVICE/App/usbd_cdc_if.o
                0x200006c4                UserTxBufferFS
 .bss.UserRxBufferFS
                0x20000ac4      0x400 ./USB_DEVICE/App/usbd_cdc_if.o
                0x20000ac4                UserRxBufferFS
 .bss.USBD_StrDesc
                0x20000ec4      0x200 ./USB_DEVICE/App/usbd_desc.o
                0x20000ec4                USBD_StrDesc
 .bss.mem.0     0x200010c4      0x220 ./USB_DEVICE/Target/usbd_conf.o
 .bss.hpcd_USB_FS
                0x200012e4      0x2d8 ./USB_DEVICE/Target/usbd_conf.o
                0x200012e4                hpcd_USB_FS
 .bss.__sf      0x200015bc      0x138 C:/ST/STM32CubeIDE_1.17.0/STM32CubeIDE/plugins/com.st.stm32cube.ide.mcu.externaltools.gnu-tools-for-stm32.12.3.rel1.win32_1.1.0.202410251130/tools/bin/../lib/gcc/arm-none-eabi/12.3.1/../../../../arm-none-eabi/lib/thumb/v7-m/nofp\libc_nano.a(libc_a-findfp.o)
                0x200015bc                __sf
 .bss.errno     0x200016f4        0x4 C:/ST/STM32CubeIDE_1.17.0/STM32CubeIDE/plugins/com.st.stm32cube.ide.mcu.externaltools.gnu-tools-for-stm32.12.3.rel1.win32_1.1.0.202410251130/tools/bin/../lib/gcc/arm-none-eabi/12.3.1/../../../../arm-none-eabi/lib/thumb/v7-m/nofp\libc_nano.a(libc_a-reent.o)
                0x200016f4                errno
 .bss.__lock___malloc_recursive_mutex
                0x200016f8        0x1 C:/ST/STM32CubeIDE_1.17.0/STM32CubeIDE/plugins/com.st.stm32cube.ide.mcu.externaltools.gnu-tools-for-stm32.12.3.rel1.win32_1.1.0.202410251130/tools/bin/../lib/gcc/arm-none-eabi/12.3.1/../../../../arm-none-eabi/lib/thumb/v7-m/nofp\libc_nano.a(libc_a-lock.o)
                0x200016f8                __lock___malloc_recursive_mutex
 *fill*         0x200016f9        0x3 
 .bss.__malloc_sbrk_start
                0x200016fc        0x4 C:/ST/STM32CubeIDE_1.17.0/STM32CubeIDE/plugins/com.st.stm32cube.ide.mcu.externaltools.gnu-tools-for-stm32.12.3.rel1.win32_1.1.0.202410251130/tools/bin/../lib/gcc/arm-none-eabi/12.3.1/../../../../arm-none-eabi/lib/thumb/v7-m/nofp\libc_nano.a(libc_a-mallocr.o)
                0x200016fc                __malloc_sbrk_start
 .bss.__malloc_free_list
                0x20001700        0x4 C:/ST/STM32CubeIDE_1.17.0/STM32CubeIDE/plugins/com.st.stm32cube.ide.mcu.externaltools.gnu-tools-for-stm32.12.3.rel1.win32_1.1.0.202410251130/tools/bin/../lib/gcc/arm-none-eabi/12.3.1/../../../../arm-none-eabi/lib/thumb/v7-m/nofp\libc_nano.a(libc_a-mallocr.o)
                0x20001700                __malloc_free_list
 *(COMMON)
                0x20001704                        . = ALIGN (0x4)
                0x20001704                        _ebss = .
                0x20001704                        __bss_end__ = _ebss

._user_heap_stack
                0x20001704      0x604 load address 0x08004598
                0x20001708                        . = ALIGN (0x8)
 *fill*         0x20001704        0x4 
                [!provide]                        PROVIDE (end = .)
                0x20001708                        PROVIDE (_end = .)
                0x20001908                        . = (. + _Min_Heap_Size)
 *fill*         0x20001708      0x200 
                0x20001d08                        . = (. + _Min_Stack_Size)
 *fill*         0x20001908      0x400 
                0x20001d08                        . = ALIGN (0x8)

/DISCARD/
 libc.a(*)
 libm.a(*)
 libgcc.a(*)

.ARM.attributes
                0x00000000       0x29
 *(.ARM.attributes)
 .ARM.attributes
                0x00000000       0x1d C:/ST/STM32CubeIDE_1.17.0/STM32CubeIDE/plugins/com.st.stm32cube.ide.mcu.externaltools.gnu-tools-for-stm32.12.3.rel1.win32_1.1.0.202410251130/tools/bin/../lib/gcc/arm-none-eabi/12.3.1/thumb/v7-m/nofp/crti.o
 .ARM.attributes
                0x0000001d       0x2d C:/ST/STM32CubeIDE_1.17.0/STM32CubeIDE/plugins/com.st.stm32cube.ide.mcu.externaltools.gnu-tools-for-stm32.12.3.rel1.win32_1.1.0.202410251130/tools/bin/../lib/gcc/arm-none-eabi/12.3.1/thumb/v7-m/nofp/crtbegin.o
 .ARM.attributes
                0x0000004a       0x2d ./Core/Src/IR_Receiver.o
 .ARM.attributes
                0x00000077       0x2d ./Core/Src/main.o
 .ARM.attributes
                0x000000a4       0x2d ./Core/Src/motor.o
 .ARM.attributes
                0x000000d1       0x2d ./Core/Src/stm32f1xx_hal_msp.o
 .ARM.attributes
                0x000000fe       0x2d ./Core/Src/stm32f1xx_it.o
 .ARM.attributes
                0x0000012b       0x2d ./Core/Src/sysmem.o
 .ARM.attributes
                0x00000158       0x2d ./Core/Src/system_stm32f1xx.o
 .ARM.attributes
                0x00000185       0x21 ./Core/Startup/startup_stm32f103c6tx.o
 .ARM.attributes
                0x000001a6       0x2d ./Drivers/STM32F1xx_HAL_Driver/Src/stm32f1xx_hal.o
 .ARM.attributes
                0x000001d3       0x2d ./Drivers/STM32F1xx_HAL_Driver/Src/stm32f1xx_hal_cortex.o
 .ARM.attributes
                0x00000200       0x2d ./Drivers/STM32F1xx_HAL_Driver/Src/stm32f1xx_hal_gpio.o
 .ARM.attributes
                0x0000022d       0x2d ./Drivers/STM32F1xx_HAL_Driver/Src/stm32f1xx_hal_pcd.o
 .ARM.attributes
                0x0000025a       0x2d ./Drivers/STM32F1xx_HAL_Driver/Src/stm32f1xx_hal_pcd_ex.o
 .ARM.attributes
                0x00000287       0x2d ./Drivers/STM32F1xx_HAL_Driver/Src/stm32f1xx_hal_rcc.o
 .ARM.attributes
                0x000002b4       0x2d ./Drivers/STM32F1xx_HAL_Driver/Src/stm32f1xx_hal_rcc_ex.o
 .ARM.attributes
                0x000002e1       0x2d ./Drivers/STM32F1xx_HAL_Driver/Src/stm32f1xx_hal_tim.o
 .ARM.attributes
                0x0000030e       0x2d ./Drivers/STM32F1xx_HAL_Driver/Src/stm32f1xx_hal_tim_ex.o
 .ARM.attributes
                0x0000033b       0x2d ./Drivers/STM32F1xx_HAL_Driver/Src/stm32f1xx_ll_usb.o
 .ARM.attributes
                0x00000368       0x2d ./Middlewares/ST/STM32_USB_Device_Library/Class/CDC/Src/usbd_cdc.o
 .ARM.attributes
                0x00000395       0x2d ./Middlewares/ST/STM32_USB_Device_Library/Core/Src/usbd_core.o
 .ARM.attributes
                0x000003c2       0x2d ./Middlewares/ST/STM32_USB_Device_Library/Core/Src/usbd_ctlreq.o
 .ARM.attributes
                0x000003ef       0x2d ./Middlewares/ST/STM32_USB_Device_Library/Core/Src/usbd_ioreq.o
 .ARM.attributes
                0x0000041c       0x2d ./USB_DEVICE/App/usb_device.o
 .ARM.attributes
                0x00000449       0x2d ./USB_DEVICE/App/usbd_cdc_if.o
 .ARM.attributes
                0x00000476       0x2d ./USB_DEVICE/App/usbd_desc.o
 .ARM.attributes
                0x000004a3       0x2d ./USB_DEVICE/Target/usbd_conf.o
 .ARM.attributes
                0x000004d0       0x2d C:/ST/STM32CubeIDE_1.17.0/STM32CubeIDE/plugins/com.st.stm32cube.ide.mcu.externaltools.gnu-tools-for-stm32.12.3.rel1.win32_1.1.0.202410251130/tools/bin/../lib/gcc/arm-none-eabi/12.3.1/../../../../arm-none-eabi/lib/thumb/v7-m/nofp\libc_nano.a(libc_a-findfp.o)
 .ARM.attributes
                0x000004fd       0x2d C:/ST/STM32CubeIDE_1.17.0/STM32CubeIDE/plugins/com.st.stm32cube.ide.mcu.externaltools.gnu-tools-for-stm32.12.3.rel1.win32_1.1.0.202410251130/tools/bin/../lib/gcc/arm-none-eabi/12.3.1/../../../../arm-none-eabi/lib/thumb/v7-m/nofp\libc_nano.a(libc_a-sprintf.o)
 .ARM.attributes
                0x0000052a       0x2d C:/ST/STM32CubeIDE_1.17.0/STM32CubeIDE/plugins/com.st.stm32cube.ide.mcu.externaltools.gnu-tools-for-stm32.12.3.rel1.win32_1.1.0.202410251130/tools/bin/../lib/gcc/arm-none-eabi/12.3.1/../../../../arm-none-eabi/lib/thumb/v7-m/nofp\libc_nano.a(libc_a-memset.o)
 .ARM.attributes
                0x00000557       0x2d C:/ST/STM32CubeIDE_1.17.0/STM32CubeIDE/plugins/com.st.stm32cube.ide.mcu.externaltools.gnu-tools-for-stm32.12.3.rel1.win32_1.1.0.202410251130/tools/bin/../lib/gcc/arm-none-eabi/12.3.1/../../../../arm-none-eabi/lib/thumb/v7-m/nofp\libc_nano.a(libc_a-reent.o)
 .ARM.attributes
                0x00000584       0x2d C:/ST/STM32CubeIDE_1.17.0/STM32CubeIDE/plugins/com.st.stm32cube.ide.mcu.externaltools.gnu-tools-for-stm32.12.3.rel1.win32_1.1.0.202410251130/tools/bin/../lib/gcc/arm-none-eabi/12.3.1/../../../../arm-none-eabi/lib/thumb/v7-m/nofp\libc_nano.a(libc_a-impure.o)
 .ARM.attributes
                0x000005b1       0x2d C:/ST/STM32CubeIDE_1.17.0/STM32CubeIDE/plugins/com.st.stm32cube.ide.mcu.externaltools.gnu-tools-for-stm32.12.3.rel1.win32_1.1.0.202410251130/tools/bin/../lib/gcc/arm-none-eabi/12.3.1/../../../../arm-none-eabi/lib/thumb/v7-m/nofp\libc_nano.a(libc_a-errno.o)
 .ARM.attributes
                0x000005de       0x2d C:/ST/STM32CubeIDE_1.17.0/STM32CubeIDE/plugins/com.st.stm32cube.ide.mcu.externaltools.gnu-tools-for-stm32.12.3.rel1.win32_1.1.0.202410251130/tools/bin/../lib/gcc/arm-none-eabi/12.3.1/../../../../arm-none-eabi/lib/thumb/v7-m/nofp\libc_nano.a(libc_a-init.o)
 .ARM.attributes
                0x0000060b       0x2d C:/ST/STM32CubeIDE_1.17.0/STM32CubeIDE/plugins/com.st.stm32cube.ide.mcu.externaltools.gnu-tools-for-stm32.12.3.rel1.win32_1.1.0.202410251130/tools/bin/../lib/gcc/arm-none-eabi/12.3.1/../../../../arm-none-eabi/lib/thumb/v7-m/nofp\libc_nano.a(libc_a-lock.o)
 .ARM.attributes
                0x00000638       0x17 C:/ST/STM32CubeIDE_1.17.0/STM32CubeIDE/plugins/com.st.stm32cube.ide.mcu.externaltools.gnu-tools-for-stm32.12.3.rel1.win32_1.1.0.202410251130/tools/bin/../lib/gcc/arm-none-eabi/12.3.1/../../../../arm-none-eabi/lib/thumb/v7-m/nofp\libc_nano.a(libc_a-strlen.o)
 .ARM.attributes
                0x0000064f       0x2d C:/ST/STM32CubeIDE_1.17.0/STM32CubeIDE/plugins/com.st.stm32cube.ide.mcu.externaltools.gnu-tools-for-stm32.12.3.rel1.win32_1.1.0.202410251130/tools/bin/../lib/gcc/arm-none-eabi/12.3.1/../../../../arm-none-eabi/lib/thumb/v7-m/nofp\libc_nano.a(libc_a-freer.o)
 .ARM.attributes
                0x0000067c       0x2d C:/ST/STM32CubeIDE_1.17.0/STM32CubeIDE/plugins/com.st.stm32cube.ide.mcu.externaltools.gnu-tools-for-stm32.12.3.rel1.win32_1.1.0.202410251130/tools/bin/../lib/gcc/arm-none-eabi/12.3.1/../../../../arm-none-eabi/lib/thumb/v7-m/nofp\libc_nano.a(libc_a-mallocr.o)
 .ARM.attributes
                0x000006a9       0x2d C:/ST/STM32CubeIDE_1.17.0/STM32CubeIDE/plugins/com.st.stm32cube.ide.mcu.externaltools.gnu-tools-for-stm32.12.3.rel1.win32_1.1.0.202410251130/tools/bin/../lib/gcc/arm-none-eabi/12.3.1/../../../../arm-none-eabi/lib/thumb/v7-m/nofp\libc_nano.a(libc_a-mlock.o)
 .ARM.attributes
                0x000006d6       0x2d C:/ST/STM32CubeIDE_1.17.0/STM32CubeIDE/plugins/com.st.stm32cube.ide.mcu.externaltools.gnu-tools-for-stm32.12.3.rel1.win32_1.1.0.202410251130/tools/bin/../lib/gcc/arm-none-eabi/12.3.1/../../../../arm-none-eabi/lib/thumb/v7-m/nofp\libc_nano.a(libc_a-nano-svfprintf.o)
 .ARM.attributes
                0x00000703       0x2d C:/ST/STM32CubeIDE_1.17.0/STM32CubeIDE/plugins/com.st.stm32cube.ide.mcu.externaltools.gnu-tools-for-stm32.12.3.rel1.win32_1.1.0.202410251130/tools/bin/../lib/gcc/arm-none-eabi/12.3.1/../../../../arm-none-eabi/lib/thumb/v7-m/nofp\libc_nano.a(libc_a-nano-vfprintf_i.o)
 .ARM.attributes
                0x00000730       0x2d C:/ST/STM32CubeIDE_1.17.0/STM32CubeIDE/plugins/com.st.stm32cube.ide.mcu.externaltools.gnu-tools-for-stm32.12.3.rel1.win32_1.1.0.202410251130/tools/bin/../lib/gcc/arm-none-eabi/12.3.1/../../../../arm-none-eabi/lib/thumb/v7-m/nofp\libc_nano.a(libc_a-memmove.o)
 .ARM.attributes
                0x0000075d       0x2d C:/ST/STM32CubeIDE_1.17.0/STM32CubeIDE/plugins/com.st.stm32cube.ide.mcu.externaltools.gnu-tools-for-stm32.12.3.rel1.win32_1.1.0.202410251130/tools/bin/../lib/gcc/arm-none-eabi/12.3.1/../../../../arm-none-eabi/lib/thumb/v7-m/nofp\libc_nano.a(libc_a-sbrkr.o)
 .ARM.attributes
                0x0000078a       0x2d C:/ST/STM32CubeIDE_1.17.0/STM32CubeIDE/plugins/com.st.stm32cube.ide.mcu.externaltools.gnu-tools-for-stm32.12.3.rel1.win32_1.1.0.202410251130/tools/bin/../lib/gcc/arm-none-eabi/12.3.1/../../../../arm-none-eabi/lib/thumb/v7-m/nofp\libc_nano.a(libc_a-memchr-stub.o)
 .ARM.attributes
                0x000007b7       0x2d C:/ST/STM32CubeIDE_1.17.0/STM32CubeIDE/plugins/com.st.stm32cube.ide.mcu.externaltools.gnu-tools-for-stm32.12.3.rel1.win32_1.1.0.202410251130/tools/bin/../lib/gcc/arm-none-eabi/12.3.1/../../../../arm-none-eabi/lib/thumb/v7-m/nofp\libc_nano.a(libc_a-memcpy-stub.o)
 .ARM.attributes
                0x000007e4       0x2d C:/ST/STM32CubeIDE_1.17.0/STM32CubeIDE/plugins/com.st.stm32cube.ide.mcu.externaltools.gnu-tools-for-stm32.12.3.rel1.win32_1.1.0.202410251130/tools/bin/../lib/gcc/arm-none-eabi/12.3.1/../../../../arm-none-eabi/lib/thumb/v7-m/nofp\libc_nano.a(libc_a-reallocr.o)
 .ARM.attributes
                0x00000811       0x2d C:/ST/STM32CubeIDE_1.17.0/STM32CubeIDE/plugins/com.st.stm32cube.ide.mcu.externaltools.gnu-tools-for-stm32.12.3.rel1.win32_1.1.0.202410251130/tools/bin/../lib/gcc/arm-none-eabi/12.3.1/../../../../arm-none-eabi/lib/thumb/v7-m/nofp\libc_nano.a(libc_a-msizer.o)
 .ARM.attributes
                0x0000083e       0x1d C:/ST/STM32CubeIDE_1.17.0/STM32CubeIDE/plugins/com.st.stm32cube.ide.mcu.externaltools.gnu-tools-for-stm32.12.3.rel1.win32_1.1.0.202410251130/tools/bin/../lib/gcc/arm-none-eabi/12.3.1/thumb/v7-m/nofp/crtn.o
OUTPUT(Remote-Controlled-Car.elf elf32-littlearm)
LOAD linker stubs
LOAD C:/ST/STM32CubeIDE_1.17.0/STM32CubeIDE/plugins/com.st.stm32cube.ide.mcu.externaltools.gnu-tools-for-stm32.12.3.rel1.win32_1.1.0.202410251130/tools/bin/../lib/gcc/arm-none-eabi/12.3.1/../../../../arm-none-eabi/lib/thumb/v7-m/nofp\libc.a
LOAD C:/ST/STM32CubeIDE_1.17.0/STM32CubeIDE/plugins/com.st.stm32cube.ide.mcu.externaltools.gnu-tools-for-stm32.12.3.rel1.win32_1.1.0.202410251130/tools/bin/../lib/gcc/arm-none-eabi/12.3.1/../../../../arm-none-eabi/lib/thumb/v7-m/nofp\libm.a
LOAD C:/ST/STM32CubeIDE_1.17.0/STM32CubeIDE/plugins/com.st.stm32cube.ide.mcu.externaltools.gnu-tools-for-stm32.12.3.rel1.win32_1.1.0.202410251130/tools/bin/../lib/gcc/arm-none-eabi/12.3.1/thumb/v7-m/nofp\libgcc.a

.debug_info     0x00000000    0x158e1
 .debug_info    0x00000000      0x558 ./Core/Src/IR_Receiver.o
 .debug_info    0x00000558     0x147e ./Core/Src/main.o
 .debug_info    0x000019d6      0x6f9 ./Core/Src/motor.o
 .debug_info    0x000020cf      0x7a0 ./Core/Src/stm32f1xx_hal_msp.o
 .debug_info    0x0000286f      0x65d ./Core/Src/stm32f1xx_it.o
 .debug_info    0x00002ecc      0x175 ./Core/Src/sysmem.o
 .debug_info    0x00003041      0x231 ./Core/Src/system_stm32f1xx.o
 .debug_info    0x00003272       0x30 ./Core/Startup/startup_stm32f103c6tx.o
 .debug_info    0x000032a2      0x7be ./Drivers/STM32F1xx_HAL_Driver/Src/stm32f1xx_hal.o
 .debug_info    0x00003a60      0xccf ./Drivers/STM32F1xx_HAL_Driver/Src/stm32f1xx_hal_cortex.o
 .debug_info    0x0000472f      0x604 ./Drivers/STM32F1xx_HAL_Driver/Src/stm32f1xx_hal_gpio.o
 .debug_info    0x00004d33     0x1d94 ./Drivers/STM32F1xx_HAL_Driver/Src/stm32f1xx_hal_pcd.o
 .debug_info    0x00006ac7      0x6c8 ./Drivers/STM32F1xx_HAL_Driver/Src/stm32f1xx_hal_pcd_ex.o
 .debug_info    0x0000718f      0x9fb ./Drivers/STM32F1xx_HAL_Driver/Src/stm32f1xx_hal_rcc.o
 .debug_info    0x00007b8a      0x420 ./Drivers/STM32F1xx_HAL_Driver/Src/stm32f1xx_hal_rcc_ex.o
 .debug_info    0x00007faa     0x40ce ./Drivers/STM32F1xx_HAL_Driver/Src/stm32f1xx_hal_tim.o
 .debug_info    0x0000c078     0x18a9 ./Drivers/STM32F1xx_HAL_Driver/Src/stm32f1xx_hal_tim_ex.o
 .debug_info    0x0000d921     0x1956 ./Drivers/STM32F1xx_HAL_Driver/Src/stm32f1xx_ll_usb.o
 .debug_info    0x0000f277     0x12a3 ./Middlewares/ST/STM32_USB_Device_Library/Class/CDC/Src/usbd_cdc.o
 .debug_info    0x0001051a      0xd76 ./Middlewares/ST/STM32_USB_Device_Library/Core/Src/usbd_core.o
 .debug_info    0x00011290      0xd50 ./Middlewares/ST/STM32_USB_Device_Library/Core/Src/usbd_ctlreq.o
 .debug_info    0x00011fe0      0x7b5 ./Middlewares/ST/STM32_USB_Device_Library/Core/Src/usbd_ioreq.o
 .debug_info    0x00012795      0x6c3 ./USB_DEVICE/App/usb_device.o
 .debug_info    0x00012e58      0x893 ./USB_DEVICE/App/usbd_cdc_if.o
 .debug_info    0x000136eb      0x62a ./USB_DEVICE/App/usbd_desc.o
 .debug_info    0x00013d15     0x1bcc ./USB_DEVICE/Target/usbd_conf.o

.debug_abbrev   0x00000000     0x3ef0
 .debug_abbrev  0x00000000      0x214 ./Core/Src/IR_Receiver.o
 .debug_abbrev  0x00000214      0x393 ./Core/Src/main.o
 .debug_abbrev  0x000005a7      0x1a9 ./Core/Src/motor.o
 .debug_abbrev  0x00000750      0x1a7 ./Core/Src/stm32f1xx_hal_msp.o
 .debug_abbrev  0x000008f7      0x20a ./Core/Src/stm32f1xx_it.o
 .debug_abbrev  0x00000b01       0xec ./Core/Src/sysmem.o
 .debug_abbrev  0x00000bed      0x145 ./Core/Src/system_stm32f1xx.o
 .debug_abbrev  0x00000d32       0x24 ./Core/Startup/startup_stm32f103c6tx.o
 .debug_abbrev  0x00000d56      0x272 ./Drivers/STM32F1xx_HAL_Driver/Src/stm32f1xx_hal.o
 .debug_abbrev  0x00000fc8      0x36b ./Drivers/STM32F1xx_HAL_Driver/Src/stm32f1xx_hal_cortex.o
 .debug_abbrev  0x00001333      0x1f7 ./Drivers/STM32F1xx_HAL_Driver/Src/stm32f1xx_hal_gpio.o
 .debug_abbrev  0x0000152a      0x40d ./Drivers/STM32F1xx_HAL_Driver/Src/stm32f1xx_hal_pcd.o
 .debug_abbrev  0x00001937      0x1d3 ./Drivers/STM32F1xx_HAL_Driver/Src/stm32f1xx_hal_pcd_ex.o
 .debug_abbrev  0x00001b0a      0x2ff ./Drivers/STM32F1xx_HAL_Driver/Src/stm32f1xx_hal_rcc.o
 .debug_abbrev  0x00001e09      0x1d8 ./Drivers/STM32F1xx_HAL_Driver/Src/stm32f1xx_hal_rcc_ex.o
 .debug_abbrev  0x00001fe1      0x380 ./Drivers/STM32F1xx_HAL_Driver/Src/stm32f1xx_hal_tim.o
 .debug_abbrev  0x00002361      0x2ea ./Drivers/STM32F1xx_HAL_Driver/Src/stm32f1xx_hal_tim_ex.o
 .debug_abbrev  0x0000264b      0x29c ./Drivers/STM32F1xx_HAL_Driver/Src/stm32f1xx_ll_usb.o
 .debug_abbrev  0x000028e7      0x335 ./Middlewares/ST/STM32_USB_Device_Library/Class/CDC/Src/usbd_cdc.o
 .debug_abbrev  0x00002c1c      0x2f4 ./Middlewares/ST/STM32_USB_Device_Library/Core/Src/usbd_core.o
 .debug_abbrev  0x00002f10      0x3a8 ./Middlewares/ST/STM32_USB_Device_Library/Core/Src/usbd_ctlreq.o
 .debug_abbrev  0x000032b8      0x1b6 ./Middlewares/ST/STM32_USB_Device_Library/Core/Src/usbd_ioreq.o
 .debug_abbrev  0x0000346e      0x1b6 ./USB_DEVICE/App/usb_device.o
 .debug_abbrev  0x00003624      0x29f ./USB_DEVICE/App/usbd_cdc_if.o
 .debug_abbrev  0x000038c3      0x2d3 ./USB_DEVICE/App/usbd_desc.o
 .debug_abbrev  0x00003b96      0x35a ./USB_DEVICE/Target/usbd_conf.o

.debug_loclists
                0x00000000     0x7d68
 .debug_loclists
                0x00000000       0xe3 ./Core/Src/IR_Receiver.o
 .debug_loclists
                0x000000e3       0x86 ./Core/Src/main.o
 .debug_loclists
                0x00000169      0x15b ./Core/Src/motor.o
 .debug_loclists
                0x000002c4       0x17 ./Core/Src/stm32f1xx_hal_msp.o
 .debug_loclists
                0x000002db       0x35 ./Core/Src/sysmem.o
 .debug_loclists
                0x00000310       0xac ./Core/Src/system_stm32f1xx.o
 .debug_loclists
                0x000003bc       0xba ./Drivers/STM32F1xx_HAL_Driver/Src/stm32f1xx_hal.o
 .debug_loclists
                0x00000476      0x347 ./Drivers/STM32F1xx_HAL_Driver/Src/stm32f1xx_hal_cortex.o
 .debug_loclists
                0x000007bd      0x2a4 ./Drivers/STM32F1xx_HAL_Driver/Src/stm32f1xx_hal_gpio.o
 .debug_loclists
                0x00000a61      0xc39 ./Drivers/STM32F1xx_HAL_Driver/Src/stm32f1xx_hal_pcd.o
 .debug_loclists
                0x0000169a       0x76 ./Drivers/STM32F1xx_HAL_Driver/Src/stm32f1xx_hal_pcd_ex.o
 .debug_loclists
                0x00001710      0x3e1 ./Drivers/STM32F1xx_HAL_Driver/Src/stm32f1xx_hal_rcc.o
 .debug_loclists
                0x00001af1      0x24c ./Drivers/STM32F1xx_HAL_Driver/Src/stm32f1xx_hal_rcc_ex.o
 .debug_loclists
                0x00001d3d     0x298a ./Drivers/STM32F1xx_HAL_Driver/Src/stm32f1xx_hal_tim.o
 .debug_loclists
                0x000046c7      0xbcd ./Drivers/STM32F1xx_HAL_Driver/Src/stm32f1xx_hal_tim_ex.o
 .debug_loclists
                0x00005294     0x10f8 ./Drivers/STM32F1xx_HAL_Driver/Src/stm32f1xx_ll_usb.o
 .debug_loclists
                0x0000638c      0x411 ./Middlewares/ST/STM32_USB_Device_Library/Class/CDC/Src/usbd_cdc.o
 .debug_loclists
                0x0000679d      0x4dd ./Middlewares/ST/STM32_USB_Device_Library/Core/Src/usbd_core.o
 .debug_loclists
                0x00006c7a      0x692 ./Middlewares/ST/STM32_USB_Device_Library/Core/Src/usbd_ctlreq.o
 .debug_loclists
                0x0000730c      0x198 ./Middlewares/ST/STM32_USB_Device_Library/Core/Src/usbd_ioreq.o
 .debug_loclists
                0x000074a4       0xc4 ./USB_DEVICE/App/usbd_cdc_if.o
 .debug_loclists
                0x00007568      0x22a ./USB_DEVICE/App/usbd_desc.o
 .debug_loclists
                0x00007792      0x5d6 ./USB_DEVICE/Target/usbd_conf.o

.debug_aranges  0x00000000      0xf68
 .debug_aranges
                0x00000000       0x20 ./Core/Src/IR_Receiver.o
 .debug_aranges
                0x00000020       0x38 ./Core/Src/main.o
 .debug_aranges
                0x00000058       0x68 ./Core/Src/motor.o
 .debug_aranges
                0x000000c0       0x30 ./Core/Src/stm32f1xx_hal_msp.o
 .debug_aranges
                0x000000f0       0x70 ./Core/Src/stm32f1xx_it.o
 .debug_aranges
                0x00000160       0x20 ./Core/Src/sysmem.o
 .debug_aranges
                0x00000180       0x28 ./Core/Src/system_stm32f1xx.o
 .debug_aranges
                0x000001a8       0x28 ./Core/Startup/startup_stm32f103c6tx.o
 .debug_aranges
                0x000001d0       0xe0 ./Drivers/STM32F1xx_HAL_Driver/Src/stm32f1xx_hal.o
 .debug_aranges
                0x000002b0       0x90 ./Drivers/STM32F1xx_HAL_Driver/Src/stm32f1xx_hal_cortex.o
 .debug_aranges
                0x00000340       0x58 ./Drivers/STM32F1xx_HAL_Driver/Src/stm32f1xx_hal_gpio.o
 .debug_aranges
                0x00000398      0x128 ./Drivers/STM32F1xx_HAL_Driver/Src/stm32f1xx_hal_pcd.o
 .debug_aranges
                0x000004c0       0x38 ./Drivers/STM32F1xx_HAL_Driver/Src/stm32f1xx_hal_pcd_ex.o
 .debug_aranges
                0x000004f8       0x88 ./Drivers/STM32F1xx_HAL_Driver/Src/stm32f1xx_hal_rcc.o
 .debug_aranges
                0x00000580       0x30 ./Drivers/STM32F1xx_HAL_Driver/Src/stm32f1xx_hal_rcc_ex.o
 .debug_aranges
                0x000005b0      0x3a0 ./Drivers/STM32F1xx_HAL_Driver/Src/stm32f1xx_hal_tim.o
 .debug_aranges
                0x00000950      0x168 ./Drivers/STM32F1xx_HAL_Driver/Src/stm32f1xx_hal_tim_ex.o
 .debug_aranges
                0x00000ab8       0xf8 ./Drivers/STM32F1xx_HAL_Driver/Src/stm32f1xx_ll_usb.o
 .debug_aranges
                0x00000bb0       0x90 ./Middlewares/ST/STM32_USB_Device_Library/Class/CDC/Src/usbd_cdc.o
 .debug_aranges
                0x00000c40       0xb8 ./Middlewares/ST/STM32_USB_Device_Library/Core/Src/usbd_core.o
 .debug_aranges
                0x00000cf8       0x50 ./Middlewares/ST/STM32_USB_Device_Library/Core/Src/usbd_ctlreq.o
 .debug_aranges
                0x00000d48       0x50 ./Middlewares/ST/STM32_USB_Device_Library/Core/Src/usbd_ioreq.o
 .debug_aranges
                0x00000d98       0x20 ./USB_DEVICE/App/usb_device.o
 .debug_aranges
                0x00000db8       0x40 ./USB_DEVICE/App/usbd_cdc_if.o
 .debug_aranges
                0x00000df8       0x58 ./USB_DEVICE/App/usbd_desc.o
 .debug_aranges
                0x00000e50      0x118 ./USB_DEVICE/Target/usbd_conf.o

.debug_rnglists
                0x00000000     0x107d
 .debug_rnglists
                0x00000000       0x42 ./Core/Src/IR_Receiver.o
 .debug_rnglists
                0x00000042       0x4e ./Core/Src/main.o
 .debug_rnglists
                0x00000090       0x49 ./Core/Src/motor.o
 .debug_rnglists
                0x000000d9       0x43 ./Core/Src/stm32f1xx_hal_msp.o
 .debug_rnglists
                0x0000011c       0x4f ./Core/Src/stm32f1xx_it.o
 .debug_rnglists
                0x0000016b       0x13 ./Core/Src/sysmem.o
 .debug_rnglists
                0x0000017e       0x19 ./Core/Src/system_stm32f1xx.o
 .debug_rnglists
                0x00000197       0x19 ./Core/Startup/startup_stm32f103c6tx.o
 .debug_rnglists
                0x000001b0       0xa3 ./Drivers/STM32F1xx_HAL_Driver/Src/stm32f1xx_hal.o
 .debug_rnglists
                0x00000253       0xd3 ./Drivers/STM32F1xx_HAL_Driver/Src/stm32f1xx_hal_cortex.o
 .debug_rnglists
                0x00000326       0x52 ./Drivers/STM32F1xx_HAL_Driver/Src/stm32f1xx_hal_gpio.o
 .debug_rnglists
                0x00000378      0x1c2 ./Drivers/STM32F1xx_HAL_Driver/Src/stm32f1xx_hal_pcd.o
 .debug_rnglists
                0x0000053a       0x25 ./Drivers/STM32F1xx_HAL_Driver/Src/stm32f1xx_hal_pcd_ex.o
 .debug_rnglists
                0x0000055f       0x85 ./Drivers/STM32F1xx_HAL_Driver/Src/stm32f1xx_hal_rcc.o
 .debug_rnglists
                0x000005e4       0x3f ./Drivers/STM32F1xx_HAL_Driver/Src/stm32f1xx_hal_rcc_ex.o
 .debug_rnglists
                0x00000623      0x338 ./Drivers/STM32F1xx_HAL_Driver/Src/stm32f1xx_hal_tim.o
 .debug_rnglists
                0x0000095b      0x111 ./Drivers/STM32F1xx_HAL_Driver/Src/stm32f1xx_hal_tim_ex.o
 .debug_rnglists
                0x00000a6c      0x2ee ./Drivers/STM32F1xx_HAL_Driver/Src/stm32f1xx_ll_usb.o
 .debug_rnglists
                0x00000d5a       0x69 ./Middlewares/ST/STM32_USB_Device_Library/Class/CDC/Src/usbd_cdc.o
 .debug_rnglists
                0x00000dc3       0x86 ./Middlewares/ST/STM32_USB_Device_Library/Core/Src/usbd_core.o
 .debug_rnglists
                0x00000e49       0x7e ./Middlewares/ST/STM32_USB_Device_Library/Core/Src/usbd_ctlreq.o
 .debug_rnglists
                0x00000ec7       0x37 ./Middlewares/ST/STM32_USB_Device_Library/Core/Src/usbd_ioreq.o
 .debug_rnglists
                0x00000efe       0x13 ./USB_DEVICE/App/usb_device.o
 .debug_rnglists
                0x00000f11       0x2b ./USB_DEVICE/App/usbd_cdc_if.o
 .debug_rnglists
                0x00000f3c       0x61 ./USB_DEVICE/App/usbd_desc.o
 .debug_rnglists
                0x00000f9d       0xe0 ./USB_DEVICE/Target/usbd_conf.o

.debug_macro    0x00000000    0x1a2e8
 .debug_macro   0x00000000      0x1d3 ./Core/Src/IR_Receiver.o
 .debug_macro   0x000001d3      0xaae ./Core/Src/IR_Receiver.o
 .debug_macro   0x00000c81      0x21b ./Core/Src/IR_Receiver.o
 .debug_macro   0x00000e9c       0x2e ./Core/Src/IR_Receiver.o
 .debug_macro   0x00000eca       0x22 ./Core/Src/IR_Receiver.o
 .debug_macro   0x00000eec       0x22 ./Core/Src/IR_Receiver.o
 .debug_macro   0x00000f0e       0x8e ./Core/Src/IR_Receiver.o
 .debug_macro   0x00000f9c       0x51 ./Core/Src/IR_Receiver.o
 .debug_macro   0x00000fed      0x103 ./Core/Src/IR_Receiver.o
 .debug_macro   0x000010f0       0x6a ./Core/Src/IR_Receiver.o
 .debug_macro   0x0000115a      0x1df ./Core/Src/IR_Receiver.o
 .debug_macro   0x00001339       0x1c ./Core/Src/IR_Receiver.o
 .debug_macro   0x00001355       0x22 ./Core/Src/IR_Receiver.o
 .debug_macro   0x00001377       0xbd ./Core/Src/IR_Receiver.o
 .debug_macro   0x00001434      0xd23 ./Core/Src/IR_Receiver.o
 .debug_macro   0x00002157     0xde75 ./Core/Src/IR_Receiver.o
 .debug_macro   0x0000ffcc       0x6d ./Core/Src/IR_Receiver.o
 .debug_macro   0x00010039     0x34a2 ./Core/Src/IR_Receiver.o
 .debug_macro   0x000134db      0x189 ./Core/Src/IR_Receiver.o
 .debug_macro   0x00013664       0x5c ./Core/Src/IR_Receiver.o
 .debug_macro   0x000136c0      0x5bc ./Core/Src/IR_Receiver.o
 .debug_macro   0x00013c7c      0x1b7 ./Core/Src/IR_Receiver.o
 .debug_macro   0x00013e33      0x1cb ./Core/Src/IR_Receiver.o
 .debug_macro   0x00013ffe      0x114 ./Core/Src/IR_Receiver.o
 .debug_macro   0x00014112      0x1b2 ./Core/Src/IR_Receiver.o
 .debug_macro   0x000142c4       0x27 ./Core/Src/IR_Receiver.o
 .debug_macro   0x000142eb      0x12f ./Core/Src/IR_Receiver.o
 .debug_macro   0x0001441a      0x1bc ./Core/Src/IR_Receiver.o
 .debug_macro   0x000145d6       0x34 ./Core/Src/IR_Receiver.o
 .debug_macro   0x0001460a       0x3c ./Core/Src/IR_Receiver.o
 .debug_macro   0x00014646       0x57 ./Core/Src/IR_Receiver.o
 .debug_macro   0x0001469d       0x87 ./Core/Src/IR_Receiver.o
 .debug_macro   0x00014724      0x183 ./Core/Src/IR_Receiver.o
 .debug_macro   0x000148a7      0x140 ./Core/Src/IR_Receiver.o
 .debug_macro   0x000149e7      0x8ed ./Core/Src/IR_Receiver.o
 .debug_macro   0x000152d4       0xb7 ./Core/Src/IR_Receiver.o
 .debug_macro   0x0001538b      0x242 ./Core/Src/IR_Receiver.o
 .debug_macro   0x000155cd       0x69 ./Core/Src/IR_Receiver.o
 .debug_macro   0x00015636       0x22 ./Core/Src/IR_Receiver.o
 .debug_macro   0x00015658       0x28 ./Core/Src/IR_Receiver.o
 .debug_macro   0x00015680      0x34b ./Core/Src/main.o
 .debug_macro   0x000159cb       0x61 ./Core/Src/main.o
 .debug_macro   0x00015a2c       0x24 ./Core/Src/main.o
 .debug_macro   0x00015a50       0x43 ./Core/Src/main.o
 .debug_macro   0x00015a93       0x34 ./Core/Src/main.o
 .debug_macro   0x00015ac7       0x16 ./Core/Src/main.o
 .debug_macro   0x00015add       0x35 ./Core/Src/main.o
 .debug_macro   0x00015b12      0x369 ./Core/Src/main.o
 .debug_macro   0x00015e7b       0x10 ./Core/Src/main.o
 .debug_macro   0x00015e8b       0x16 ./Core/Src/main.o
 .debug_macro   0x00015ea1       0x43 ./Core/Src/main.o
 .debug_macro   0x00015ee4       0x34 ./Core/Src/main.o
 .debug_macro   0x00015f18       0x10 ./Core/Src/main.o
 .debug_macro   0x00015f28       0x58 ./Core/Src/main.o
 .debug_macro   0x00015f80       0x8e ./Core/Src/main.o
 .debug_macro   0x0001600e       0x1c ./Core/Src/main.o
 .debug_macro   0x0001602a      0x177 ./Core/Src/main.o
 .debug_macro   0x000161a1       0x16 ./Core/Src/main.o
 .debug_macro   0x000161b7       0x16 ./Core/Src/main.o
 .debug_macro   0x000161cd      0x146 ./Core/Src/main.o
 .debug_macro   0x00016313       0x16 ./Core/Src/main.o
 .debug_macro   0x00016329       0x16 ./Core/Src/main.o
 .debug_macro   0x0001633f       0x29 ./Core/Src/main.o
 .debug_macro   0x00016368       0x16 ./Core/Src/main.o
 .debug_macro   0x0001637e       0x20 ./Core/Src/main.o
 .debug_macro   0x0001639e       0x5f ./Core/Src/main.o
 .debug_macro   0x000163fd      0x1c8 ./Core/Src/main.o
 .debug_macro   0x000165c5      0x1c5 ./Core/Src/motor.o
 .debug_macro   0x0001678a      0x1e7 ./Core/Src/stm32f1xx_hal_msp.o
 .debug_macro   0x00016971      0x1f1 ./Core/Src/stm32f1xx_it.o
 .debug_macro   0x00016b62       0xff ./Core/Src/sysmem.o
 .debug_macro   0x00016c61      0x23c ./Core/Src/sysmem.o
 .debug_macro   0x00016e9d      0x1bb ./Core/Src/system_stm32f1xx.o
 .debug_macro   0x00017058      0x1df ./Drivers/STM32F1xx_HAL_Driver/Src/stm32f1xx_hal.o
 .debug_macro   0x00017237      0x1bb ./Drivers/STM32F1xx_HAL_Driver/Src/stm32f1xx_hal_cortex.o
 .debug_macro   0x000173f2      0x226 ./Drivers/STM32F1xx_HAL_Driver/Src/stm32f1xx_hal_gpio.o
 .debug_macro   0x00017618      0x1c7 ./Drivers/STM32F1xx_HAL_Driver/Src/stm32f1xx_hal_pcd.o
 .debug_macro   0x000177df      0x1bb ./Drivers/STM32F1xx_HAL_Driver/Src/stm32f1xx_hal_pcd_ex.o
 .debug_macro   0x0001799a      0x1cd ./Drivers/STM32F1xx_HAL_Driver/Src/stm32f1xx_hal_rcc.o
 .debug_macro   0x00017b67      0x1bb ./Drivers/STM32F1xx_HAL_Driver/Src/stm32f1xx_hal_rcc_ex.o
 .debug_macro   0x00017d22      0x1bc ./Drivers/STM32F1xx_HAL_Driver/Src/stm32f1xx_hal_tim.o
 .debug_macro   0x00017ede      0x1bb ./Drivers/STM32F1xx_HAL_Driver/Src/stm32f1xx_hal_tim_ex.o
 .debug_macro   0x00018099      0x1bb ./Drivers/STM32F1xx_HAL_Driver/Src/stm32f1xx_ll_usb.o
 .debug_macro   0x00018254      0x376 ./Middlewares/ST/STM32_USB_Device_Library/Class/CDC/Src/usbd_cdc.o
 .debug_macro   0x000185ca       0x9e ./Middlewares/ST/STM32_USB_Device_Library/Class/CDC/Src/usbd_cdc.o
 .debug_macro   0x00018668      0x10b ./Middlewares/ST/STM32_USB_Device_Library/Class/CDC/Src/usbd_cdc.o
 .debug_macro   0x00018773       0x56 ./Middlewares/ST/STM32_USB_Device_Library/Class/CDC/Src/usbd_cdc.o
 .debug_macro   0x000187c9       0x8f ./Middlewares/ST/STM32_USB_Device_Library/Class/CDC/Src/usbd_cdc.o
 .debug_macro   0x00018858      0x35d ./Middlewares/ST/STM32_USB_Device_Library/Core/Src/usbd_core.o
 .debug_macro   0x00018bb5      0x1ce ./Middlewares/ST/STM32_USB_Device_Library/Core/Src/usbd_core.o
 .debug_macro   0x00018d83      0x367 ./Middlewares/ST/STM32_USB_Device_Library/Core/Src/usbd_ctlreq.o
 .debug_macro   0x000190ea      0x363 ./Middlewares/ST/STM32_USB_Device_Library/Core/Src/usbd_ioreq.o
 .debug_macro   0x0001944d      0x39c ./USB_DEVICE/App/usb_device.o
 .debug_macro   0x000197e9       0x22 ./USB_DEVICE/App/usb_device.o
 .debug_macro   0x0001980b       0x16 ./USB_DEVICE/App/usb_device.o
 .debug_macro   0x00019821      0x381 ./USB_DEVICE/App/usbd_cdc_if.o
 .debug_macro   0x00019ba2       0x10 ./USB_DEVICE/App/usbd_cdc_if.o
 .debug_macro   0x00019bb2      0x39a ./USB_DEVICE/App/usbd_desc.o
 .debug_macro   0x00019f4c       0x1c ./USB_DEVICE/App/usbd_desc.o
 .debug_macro   0x00019f68      0x380 ./USB_DEVICE/Target/usbd_conf.o

.debug_line     0x00000000    0x17d80
 .debug_line    0x00000000      0x85b ./Core/Src/IR_Receiver.o
 .debug_line    0x0000085b      0xd88 ./Core/Src/main.o
 .debug_line    0x000015e3      0x892 ./Core/Src/motor.o
 .debug_line    0x00001e75      0x7be ./Core/Src/stm32f1xx_hal_msp.o
 .debug_line    0x00002633      0x88a ./Core/Src/stm32f1xx_it.o
 .debug_line    0x00002ebd      0x5a9 ./Core/Src/sysmem.o
 .debug_line    0x00003466      0x7b2 ./Core/Src/system_stm32f1xx.o
 .debug_line    0x00003c18       0x78 ./Core/Startup/startup_stm32f103c6tx.o
 .debug_line    0x00003c90      0xa67 ./Drivers/STM32F1xx_HAL_Driver/Src/stm32f1xx_hal.o
 .debug_line    0x000046f7      0xc00 ./Drivers/STM32F1xx_HAL_Driver/Src/stm32f1xx_hal_cortex.o
 .debug_line    0x000052f7      0xaf3 ./Drivers/STM32F1xx_HAL_Driver/Src/stm32f1xx_hal_gpio.o
 .debug_line    0x00005dea     0x1903 ./Drivers/STM32F1xx_HAL_Driver/Src/stm32f1xx_hal_pcd.o
 .debug_line    0x000076ed      0x7cf ./Drivers/STM32F1xx_HAL_Driver/Src/stm32f1xx_hal_pcd_ex.o
 .debug_line    0x00007ebc     0x10e2 ./Drivers/STM32F1xx_HAL_Driver/Src/stm32f1xx_hal_rcc.o
 .debug_line    0x00008f9e      0x9cf ./Drivers/STM32F1xx_HAL_Driver/Src/stm32f1xx_hal_rcc_ex.o
 .debug_line    0x0000996d     0x47c2 ./Drivers/STM32F1xx_HAL_Driver/Src/stm32f1xx_hal_tim.o
 .debug_line    0x0000e12f     0x1a2b ./Drivers/STM32F1xx_HAL_Driver/Src/stm32f1xx_hal_tim_ex.o
 .debug_line    0x0000fb5a     0x1c10 ./Drivers/STM32F1xx_HAL_Driver/Src/stm32f1xx_ll_usb.o
 .debug_line    0x0001176a      0xeaf ./Middlewares/ST/STM32_USB_Device_Library/Class/CDC/Src/usbd_cdc.o
 .debug_line    0x00012619      0xe8b ./Middlewares/ST/STM32_USB_Device_Library/Core/Src/usbd_core.o
 .debug_line    0x000134a4      0xfb1 ./Middlewares/ST/STM32_USB_Device_Library/Core/Src/usbd_ctlreq.o
 .debug_line    0x00014455      0xaaa ./Middlewares/ST/STM32_USB_Device_Library/Core/Src/usbd_ioreq.o
 .debug_line    0x00014eff      0xa4a ./USB_DEVICE/App/usb_device.o
 .debug_line    0x00015949      0xa9a ./USB_DEVICE/App/usbd_cdc_if.o
 .debug_line    0x000163e3      0xb5d ./USB_DEVICE/App/usbd_desc.o
 .debug_line    0x00016f40      0xe40 ./USB_DEVICE/Target/usbd_conf.o

.debug_str      0x00000000    0x8ae69
 .debug_str     0x00000000    0x820c2 ./Core/Src/IR_Receiver.o
                              0x8248e (size before relaxing)
 .debug_str     0x000820c2     0x4afd ./Core/Src/main.o
                              0x87026 (size before relaxing)
 .debug_str     0x00086bbf       0x5f ./Core/Src/motor.o
                              0x821bb (size before relaxing)
 .debug_str     0x00086c1e       0x90 ./Core/Src/stm32f1xx_hal_msp.o
                              0x826ab (size before relaxing)
 .debug_str     0x00086cae      0x404 ./Core/Src/stm32f1xx_it.o
                              0x825cc (size before relaxing)
 .debug_str     0x000870b2      0x4dc ./Core/Src/sysmem.o
                               0x607d (size before relaxing)
 .debug_str     0x0008758e       0x7e ./Core/Src/system_stm32f1xx.o
                              0x82134 (size before relaxing)
 .debug_str     0x0008760c       0x44 ./Core/Startup/startup_stm32f103c6tx.o
                                 0x75 (size before relaxing)
 .debug_str     0x00087650      0x384 ./Drivers/STM32F1xx_HAL_Driver/Src/stm32f1xx_hal.o
                              0x8282d (size before relaxing)
 .debug_str     0x000879d4      0x26c ./Drivers/STM32F1xx_HAL_Driver/Src/stm32f1xx_hal_cortex.o
                              0x82779 (size before relaxing)
 .debug_str     0x00087c40      0x2bd ./Drivers/STM32F1xx_HAL_Driver/Src/stm32f1xx_hal_gpio.o
                              0x824ba (size before relaxing)
 .debug_str     0x00087efd      0x5bd ./Drivers/STM32F1xx_HAL_Driver/Src/stm32f1xx_hal_pcd.o
                              0x82a51 (size before relaxing)
 .debug_str     0x000884ba      0x170 ./Drivers/STM32F1xx_HAL_Driver/Src/stm32f1xx_hal_pcd_ex.o
                              0x825b3 (size before relaxing)
 .debug_str     0x0008862a      0x229 ./Drivers/STM32F1xx_HAL_Driver/Src/stm32f1xx_hal_rcc.o
                              0x82563 (size before relaxing)
 .debug_str     0x00088853       0x9f ./Drivers/STM32F1xx_HAL_Driver/Src/stm32f1xx_hal_rcc_ex.o
                              0x822b3 (size before relaxing)
 .debug_str     0x000888f2      0xe0b ./Drivers/STM32F1xx_HAL_Driver/Src/stm32f1xx_hal_tim.o
                              0x83565 (size before relaxing)
 .debug_str     0x000896fd      0x493 ./Drivers/STM32F1xx_HAL_Driver/Src/stm32f1xx_hal_tim_ex.o
                              0x82d71 (size before relaxing)
 .debug_str     0x00089b90      0x129 ./Drivers/STM32F1xx_HAL_Driver/Src/stm32f1xx_ll_usb.o
                              0x82605 (size before relaxing)
 .debug_str     0x00089cb9      0x967 ./Middlewares/ST/STM32_USB_Device_Library/Class/CDC/Src/usbd_cdc.o
                              0x870b5 (size before relaxing)
 .debug_str     0x0008a620      0x281 ./Middlewares/ST/STM32_USB_Device_Library/Core/Src/usbd_core.o
                              0x869e5 (size before relaxing)
 .debug_str     0x0008a8a1      0x131 ./Middlewares/ST/STM32_USB_Device_Library/Core/Src/usbd_ctlreq.o
                              0x86917 (size before relaxing)
 .debug_str     0x0008a9d2       0x51 ./Middlewares/ST/STM32_USB_Device_Library/Core/Src/usbd_ioreq.o
                              0x8682c (size before relaxing)
 .debug_str     0x0008aa23      0x105 ./USB_DEVICE/App/usb_device.o
                              0x86bb7 (size before relaxing)
 .debug_str     0x0008ab28       0x76 ./USB_DEVICE/App/usbd_cdc_if.o
                              0x86bdd (size before relaxing)
 .debug_str     0x0008ab9e      0x258 ./USB_DEVICE/App/usbd_desc.o
                              0x86768 (size before relaxing)
 .debug_str     0x0008adf6       0x73 ./USB_DEVICE/Target/usbd_conf.o
                              0x87608 (size before relaxing)

.comment        0x00000000       0x43
 .comment       0x00000000       0x43 ./Core/Src/IR_Receiver.o
                                 0x44 (size before relaxing)
 .comment       0x00000043       0x44 ./Core/Src/main.o