../Core/Src/main.c:78:5:main	8	static
../Core/Src/main.c:123:6:move_forward	8	static
../Core/Src/main.c:129:6:move_backward	8	static
../Core/Src/main.c:135:6:rotate_right	8	static
../Core/Src/main.c:141:6:rotate_left	8	static
../Core/Src/main.c:147:6:turn_right	8	static
../Core/Src/main.c:152:6:turn_left	8	static
../Core/Src/main.c:157:6:stop_moving	8	static
../Core/Src/main.c:168:6:SystemClock_Config	72	static
../Core/Src/main.c:205:13:MX_GPIO_Init	32	static
../Core/Src/main.c:236:6:Error_Handler	4	static,ignoring_inline_asm
